<html>
<body>
<pre>
<h1>µVision Build Log</h1>
<h2>Project:</h2>
C:\Users\Aqsa Ahmed\Documents\GitHub\MicroP\LCD\keil\rtx.uvproj
Project File Date:  11/27/2013

<h2>Output:</h2>
Build target 'Project'
compiling hd44780_driver.c...
..\hd44780_driver.c(46): error:  #20: identifier "LCD_GPIO_CLOCK1" is undefined
..\hd44780_driver.c(47): error:  #20: identifier "LCD_GPIO_CLOCK2" is undefined
..\hd44780_driver.c(55): error:  #20: identifier "LCD_RS" is undefined
..\hd44780_driver.c(59): error:  #20: identifier "LCD_E" is undefined
..\hd44780_driver.c(69): error:  #20: identifier "LCD_DB0" is undefined
..\hd44780_driver.c(73): error:  #20: identifier "LCD_DB1" is undefined
..\hd44780_driver.c(76): error:  #20: identifier "LCD_DB2" is undefined
..\hd44780_driver.c(79): error:  #20: identifier "LCD_DB3" is undefined
..\hd44780_driver.c(82): error:  #20: identifier "LCD_DB4" is undefined
..\hd44780_driver.c(85): error:  #20: identifier "LCD_DB5" is undefined
..\hd44780_driver.c(88): error:  #20: identifier "LCD_DB6" is undefined
..\hd44780_driver.c(91): error:  #20: identifier "LCD_DB7" is undefined
..\hd44780_driver.c(102): warning:  #223-D: function "LCD_send_data" declared implicitly
..\hd44780_driver.c(102): error:  #20: identifier "LCD_8_BIT_MODE" is undefined
..\hd44780_driver.c(105): error:  #20: identifier "LCD_TWO_LINE_ENABLE" is undefined
..\hd44780_driver.c(108): error:  #20: identifier "LCD_DISPLAY_ON" is undefined
..\hd44780_driver.c(111): error:  #159: declaration is incompatible with previous "LCD_send_data" (declared at line 102)
..\hd44780_driver.c(114): error:  #20: identifier "LCD_DB0" is undefined
..\hd44780_driver.c(117): error:  #20: identifier "LCD_DB1" is undefined
..\hd44780_driver.c(120): error:  #20: identifier "LCD_DB2" is undefined
..\hd44780_driver.c(123): error:  #20: identifier "LCD_DB3" is undefined
..\hd44780_driver.c(126): error:  #20: identifier "LCD_DB4" is undefined
..\hd44780_driver.c(129): error:  #20: identifier "LCD_DB5" is undefined
..\hd44780_driver.c(132): error:  #20: identifier "LCD_DB6" is undefined
..\hd44780_driver.c(135): error:  #20: identifier "LCD_DB7" is undefined
..\hd44780_driver.c(138): warning:  #223-D: function "LCD_enable_write" declared implicitly
..\hd44780_driver.c(141): error:  #159: declaration is incompatible with previous "LCD_enable_write" (declared at line 138)
..\hd44780_driver.c(148): error:  #20: identifier "LCD_RS" is undefined
..\hd44780_driver.c(153): error:  #20: identifier "LCD_E" is undefined
..\hd44780_driver.c(162): error:  #20: identifier "LCD_CLEAR_DISPLAY" is undefined
..\hd44780_driver.c(178): error:  #20: identifier "LCD_LOCATION_COMMAND" is undefined
".\obj\output.axf" - 29 Errors, 2 Warning(s).
Target not created
Build target 'Project'
compiling main.c...
compiling hd44780_driver.c...
linking...
Program Size: Code=21164 RO-data=748 RW-data=140 ZI-data=8116  
FromELF: creating hex file...
".\obj\output.axf" - 0 Errors, 0 Warning(s).
Build target 'Project'
compiling main.c...
linking...
Program Size: Code=21188 RO-data=748 RW-data=140 ZI-data=8116  
FromELF: creating hex file...
".\obj\output.axf" - 0 Errors, 0 Warning(s).
Build target 'Project'
compiling main.c...
linking...
Program Size: Code=21188 RO-data=748 RW-data=140 ZI-data=8116  
FromELF: creating hex file...
".\obj\output.axf" - 0 Errors, 0 Warning(s).
Load "C:\\Users\\Aqsa Ahmed\\Documents\\GitHub\\MicroP\\LCD\\keil\\obj\\output.axf" 
Erase Done.
Programming Done.
Verify OK.
Build target 'Project'
compiling main.c...
compiling hd44780_driver.c...
..\hd44780_driver.c(114): warning:  #188-D: enumerated type mixed with another type
linking...
Program Size: Code=21196 RO-data=748 RW-data=140 ZI-data=8116  
FromELF: creating hex file...
".\obj\output.axf" - 0 Errors, 1 Warning(s).
Load "C:\\Users\\Aqsa Ahmed\\Documents\\GitHub\\MicroP\\LCD\\keil\\obj\\output.axf" 
Erase Done.
Programming Done.
Verify OK.
Build target 'Project'
compiling hd44780_driver.c...
..\hd44780_driver.c(102): warning:  #188-D: enumerated type mixed with another type
linking...
Program Size: Code=21196 RO-data=748 RW-data=140 ZI-data=8116  
FromELF: creating hex file...
".\obj\output.axf" - 0 Errors, 1 Warning(s).
Load "C:\\Users\\Aqsa Ahmed\\Documents\\GitHub\\MicroP\\LCD\\keil\\obj\\output.axf" 
Erase Done.
Programming Done.
Verify OK.
Build target 'Project'
compiling main.c...
compiling hd44780_driver.c...
linking...
Program Size: Code=21188 RO-data=748 RW-data=140 ZI-data=8116  
FromELF: creating hex file...
".\obj\output.axf" - 0 Errors, 0 Warning(s).
Load "C:\\Users\\Aqsa Ahmed\\Documents\\GitHub\\MicroP\\LCD\\keil\\obj\\output.axf" 
Erase Done.
Programming Done.
Verify OK.
