<html>
<body>
<pre>
<h1>µVision Build Log</h1>
<h2>Project:</h2>
C:\Users\Aqsa Ahmed\Documents\GitHub\MicroP\LCD\keil\rtx.uvproj
Project File Date:  11/27/2013

<h2>Output:</h2>
Build target 'Project'
compiling RTX_Conf_CM.c...
compiling main.c...
compiling hd44780_driver.c...
linking...
Program Size: Code=24140 RO-data=748 RW-data=140 ZI-data=8116  
FromELF: creating hex file...
".\obj\output.axf" - 0 Errors, 0 Warning(s).
Build target 'Project'
linking...
Program Size: Code=24140 RO-data=748 RW-data=140 ZI-data=8116  
FromELF: creating hex file...
".\obj\output.axf" - 0 Errors, 0 Warning(s).
Load "C:\\Users\\Aqsa Ahmed\\Documents\\GitHub\\MicroP\\LCD\\keil\\obj\\output.axf" 
Erase Done.
Programming Done.
Verify OK.
Build target 'Project'
compiling main.c...
linking...
Program Size: Code=24148 RO-data=748 RW-data=140 ZI-data=8116  
FromELF: creating hex file...
".\obj\output.axf" - 0 Errors, 0 Warning(s).
Load "C:\\Users\\Aqsa Ahmed\\Documents\\GitHub\\MicroP\\LCD\\keil\\obj\\output.axf" 
Erase Done.
Programming Done.
Verify OK.
Build target 'Project'
compiling main.c...
linking...
Program Size: Code=24148 RO-data=748 RW-data=140 ZI-data=8116  
FromELF: creating hex file...
".\obj\output.axf" - 0 Errors, 0 Warning(s).
Load "C:\\Users\\Aqsa Ahmed\\Documents\\GitHub\\MicroP\\LCD\\keil\\obj\\output.axf" 
Erase Done.
Programming Done.
Verify OK.
Build target 'Project'
compiling main.c...
linking...
Program Size: Code=24148 RO-data=748 RW-data=140 ZI-data=8116  
FromELF: creating hex file...
".\obj\output.axf" - 0 Errors, 0 Warning(s).
Load "C:\\Users\\Aqsa Ahmed\\Documents\\GitHub\\MicroP\\LCD\\keil\\obj\\output.axf" 
Erase Done.
Programming Done.
Verify OK.
Build target 'Project'
compiling main.c...
linking...
Program Size: Code=22112 RO-data=744 RW-data=140 ZI-data=8116  
FromELF: creating hex file...
".\obj\output.axf" - 0 Errors, 0 Warning(s).
Load "C:\\Users\\Aqsa Ahmed\\Documents\\GitHub\\MicroP\\LCD\\keil\\obj\\output.axf" 
Erase Done.
Programming Done.
Verify OK.
Build target 'Project'
compiling main.c...
linking...
Program Size: Code=24148 RO-data=748 RW-data=140 ZI-data=8116  
FromELF: creating hex file...
".\obj\output.axf" - 0 Errors, 0 Warning(s).
Load "C:\\Users\\Aqsa Ahmed\\Documents\\GitHub\\MicroP\\LCD\\keil\\obj\\output.axf" 
Load "C:\\Users\\Aqsa Ahmed\\Documents\\GitHub\\MicroP\\LCD\\keil\\obj\\output.axf" 
Erase Done.
Programming Done.
Verify OK.
Build target 'Project'
compiling main.c...
linking...
Program Size: Code=24148 RO-data=748 RW-data=140 ZI-data=8116  
FromELF: creating hex file...
".\obj\output.axf" - 0 Errors, 0 Warning(s).
Load "C:\\Users\\Aqsa Ahmed\\Documents\\GitHub\\MicroP\\LCD\\keil\\obj\\output.axf" 
Erase Done.
Programming Done.
Verify OK.
Build target 'Project'
compiling main.c...
../main.c(37): error:  #101: "cx" has already been declared in the current scope
".\obj\output.axf" - 1 Errors, 0 Warning(s).
Target not created
Build target 'Project'
compiling main.c...
linking...
Program Size: Code=24188 RO-data=748 RW-data=140 ZI-data=8116  
FromELF: creating hex file...
".\obj\output.axf" - 0 Errors, 0 Warning(s).
Load "C:\\Users\\Aqsa Ahmed\\Documents\\GitHub\\MicroP\\LCD\\keil\\obj\\output.axf" 
Erase Done.
Programming Done.
Verify OK.
Build target 'Project'
compiling main.c...
../main.c(58): warning:  #1035-D: single-precision operand implicitly converted to double-precision
../main.c(59): warning:  #1035-D: single-precision operand implicitly converted to double-precision
compiling hd44780_driver.c...
linking...
Program Size: Code=24148 RO-data=748 RW-data=140 ZI-data=8116  
FromELF: creating hex file...
".\obj\output.axf" - 0 Errors, 2 Warning(s).
Build target 'Project'
compiling main.c...
../main.c(58): warning:  #1035-D: single-precision operand implicitly converted to double-precision
../main.c(59): warning:  #1035-D: single-precision operand implicitly converted to double-precision
linking...
Program Size: Code=24148 RO-data=748 RW-data=140 ZI-data=8116  
FromELF: creating hex file...
".\obj\output.axf" - 0 Errors, 2 Warning(s).
Build target 'Project'
compiling main.c...
linking...
Program Size: Code=23868 RO-data=748 RW-data=140 ZI-data=8116  
FromELF: creating hex file...
".\obj\output.axf" - 0 Errors, 0 Warning(s).
Load "C:\\Users\\Aqsa Ahmed\\Documents\\GitHub\\MicroP\\LCD\\keil\\obj\\output.axf" 
Erase Done.
Programming Done.
Verify OK.
Build target 'Project'
compiling main.c...
linking...
Program Size: Code=23852 RO-data=748 RW-data=140 ZI-data=8116  
FromELF: creating hex file...
".\obj\output.axf" - 0 Errors, 0 Warning(s).
Load "C:\\Users\\Aqsa Ahmed\\Documents\\GitHub\\MicroP\\LCD\\keil\\obj\\output.axf" 
Erase Done.
Programming Done.
Verify OK.
Build target 'Project'
compiling main.c...
linking...
Program Size: Code=23860 RO-data=748 RW-data=140 ZI-data=8116  
FromELF: creating hex file...
".\obj\output.axf" - 0 Errors, 0 Warning(s).
Build target 'Project'
linking...
Program Size: Code=23860 RO-data=748 RW-data=140 ZI-data=8116  
FromELF: creating hex file...
".\obj\output.axf" - 0 Errors, 0 Warning(s).
Load "C:\\Users\\Aqsa Ahmed\\Documents\\GitHub\\MicroP\\LCD\\keil\\obj\\output.axf" 
Erase Done.
Programming Done.
Verify OK.
Build target 'Project'
compiling main.c...
linking...
Program Size: Code=23852 RO-data=748 RW-data=140 ZI-data=8116  
FromELF: creating hex file...
".\obj\output.axf" - 0 Errors, 0 Warning(s).
Load "C:\\Users\\Aqsa Ahmed\\Documents\\GitHub\\MicroP\\LCD\\keil\\obj\\output.axf" 
Erase Done.
Programming Done.
Verify OK.
Build target 'Project'
compiling main.c...
linking...
Program Size: Code=23852 RO-data=748 RW-data=140 ZI-data=8116  
FromELF: creating hex file...
".\obj\output.axf" - 0 Errors, 0 Warning(s).
Load "C:\\Users\\Aqsa Ahmed\\Documents\\GitHub\\MicroP\\LCD\\keil\\obj\\output.axf" 
Erase Done.
Programming Done.
Verify OK.
Build target 'Project'
compiling hd44780_driver.c...
..\hd44780_driver.c(50): error:  #20: identifier "LCD_GPIO_CLOCK1" is undefined
..\hd44780_driver.c(51): error:  #20: identifier "LCD_GPIO_CLOCK2" is undefined
..\hd44780_driver.c(59): error:  #20: identifier "LCD_RS" is undefined
..\hd44780_driver.c(60): error:  #20: identifier "GPIO_PORT_RS" is undefined
..\hd44780_driver.c(63): error:  #20: identifier "LCD_E" is undefined
..\hd44780_driver.c(64): error:  #20: identifier "GPIO_PORT_E" is undefined
..\hd44780_driver.c(73): error:  #20: identifier "LCD_DB0" is undefined
..\hd44780_driver.c(74): error:  #20: identifier "GPIO_PORT_DB0" is undefined
..\hd44780_driver.c(77): error:  #20: identifier "LCD_DB1" is undefined
..\hd44780_driver.c(78): error:  #20: identifier "GPIO_PORT_DB1" is undefined
..\hd44780_driver.c(80): error:  #20: identifier "LCD_DB2" is undefined
..\hd44780_driver.c(81): error:  #20: identifier "GPIO_PORT_DB2" is undefined
..\hd44780_driver.c(83): error:  #20: identifier "LCD_DB3" is undefined
..\hd44780_driver.c(84): error:  #20: identifier "GPIO_PORT_DB3" is undefined
..\hd44780_driver.c(86): error:  #20: identifier "LCD_DB4" is undefined
..\hd44780_driver.c(87): error:  #20: identifier "GPIO_PORT_DB4" is undefined
..\hd44780_driver.c(89): error:  #20: identifier "LCD_DB5" is undefined
..\hd44780_driver.c(90): error:  #20: identifier "GPIO_PORT_DB5" is undefined
..\hd44780_driver.c(92): error:  #20: identifier "LCD_DB6" is undefined
..\hd44780_driver.c(93): error:  #20: identifier "GPIO_PORT_DB6" is undefined
..\hd44780_driver.c(95): error:  #20: identifier "LCD_DB7" is undefined
..\hd44780_driver.c(96): error:  #20: identifier "GPIO_PORT_DB7" is undefined
..\hd44780_driver.c(106): warning:  #223-D: function "LCD_send_data" declared implicitly
..\hd44780_driver.c(106): error:  #20: identifier "LCD_8_BIT_MODE" is undefined
..\hd44780_driver.c(106): error:  #20: identifier "RS_COMMAND" is undefined
..\hd44780_driver.c(109): error:  #20: identifier "LCD_TWO_LINE_ENABLE" is undefined
..\hd44780_driver.c(112): error:  #20: identifier "LCD_DISPLAY_ON" is undefined
..\hd44780_driver.c(115): error:  #159: declaration is incompatible with previous "LCD_send_data" (declared at line 106)
..\hd44780_driver.c(118): error:  #20: identifier "GPIO_PORT_DB0" is undefined
..\hd44780_driver.c(118): error:  #20: identifier "LCD_DB0" is undefined
..\hd44780_driver.c(118): warning:  #223-D: function "BIT_ACTION" declared implicitly
..\hd44780_driver.c(118): warning:  #188-D: enumerated type mixed with another type
..\hd44780_driver.c(121): error:  #20: identifier "GPIO_PORT_DB1" is undefined
".\obj\output.axf" - 30 Errors, 3 Warning(s).
Target not created
Build target 'Project'
compiling hd44780_driver.c...
linking...
Program Size: Code=23828 RO-data=748 RW-data=140 ZI-data=8116  
FromELF: creating hex file...
".\obj\output.axf" - 0 Errors, 0 Warning(s).
Build target 'Project'
compiling main.c...
../main.c(13): error:  #65: expected a ";"
".\obj\output.axf" - 1 Errors, 0 Warning(s).
Target not created
Build target 'Project'
compiling main.c...
linking...
Program Size: Code=24092 RO-data=748 RW-data=144 ZI-data=8112  
FromELF: creating hex file...
".\obj\output.axf" - 0 Errors, 0 Warning(s).
Load "C:\\Users\\Aqsa Ahmed\\Documents\\GitHub\\MicroP\\LCD\\keil\\obj\\output.axf" 
Erase Done.
Programming Done.
Verify OK.
Build target 'Project'
compiling main.c...
../main.c(49): error:  #65: expected a ";"
".\obj\output.axf" - 1 Errors, 0 Warning(s).
Target not created
Build target 'Project'
compiling main.c...
linking...
Program Size: Code=24036 RO-data=748 RW-data=144 ZI-data=8112  
FromELF: creating hex file...
".\obj\output.axf" - 0 Errors, 0 Warning(s).
Load "C:\\Users\\Aqsa Ahmed\\Documents\\GitHub\\MicroP\\LCD\\keil\\obj\\output.axf" 
Erase Done.
Programming Done.
Verify OK.
