ARM Linker, 5.03 [Build 76] [MDK-ARM Lite]

==============================================================================

Section Cross References

    startup_stm32f40xx.o(STACK) refers (Special) to heapauxi.o(.text) for __use_two_region_memory
    startup_stm32f40xx.o(HEAP) refers (Special) to heapauxi.o(.text) for __use_two_region_memory
    startup_stm32f40xx.o(RESET) refers (Special) to heapauxi.o(.text) for __use_two_region_memory
    startup_stm32f40xx.o(RESET) refers to startup_stm32f40xx.o(STACK) for __initial_sp
    startup_stm32f40xx.o(RESET) refers to startup_stm32f40xx.o(.text) for Reset_Handler
    startup_stm32f40xx.o(RESET) refers to main.o(.text) for EXTI0_IRQHandler
    startup_stm32f40xx.o(.text) refers (Special) to heapauxi.o(.text) for __use_two_region_memory
    startup_stm32f40xx.o(.text) refers to system_stm32f4xx.o(.text) for SystemInit
    startup_stm32f40xx.o(.text) refers to __main.o(!!!main) for __main
    startup_stm32f40xx.o(.text) refers to startup_stm32f40xx.o(HEAP) for Heap_Mem
    startup_stm32f40xx.o(.text) refers to startup_stm32f40xx.o(STACK) for Stack_Mem
    fputc_debug.o(.rev16_text) refers (Special) to use_no_semi.o(.text) for __use_no_semihosting_swi
    fputc_debug.o(.revsh_text) refers (Special) to use_no_semi.o(.text) for __use_no_semihosting_swi
    fputc_debug.o(.text) refers (Special) to use_no_semi.o(.text) for __use_no_semihosting_swi
    fputc_debug.o(.data) refers (Special) to use_no_semi.o(.text) for __use_no_semihosting_swi
    main.o(.text) refers to _printf_percent.o(.ARM.Collect$$_printf_percent$$00000000) for _printf_percent
    main.o(.text) refers to _printf_f.o(.ARM.Collect$$_printf_percent$$00000003) for _printf_f
    main.o(.text) refers to printf1.o(x$fpl$printf1) for _printf_fp_dec
    main.o(.text) refers to noretval__2printf.o(.text) for __2printf
    main.o(.text) refers to rt_memclr_w.o(.text) for __aeabi_memclr4
    main.o(.text) refers to stm32f4_discovery_lis302dl.o(.text) for LIS302DL_ReadACC
    main.o(.text) refers to movingfilter.o(.text) for movingFilter
    main.o(.text) refers to dmul.o(x$fpl$dmul) for __aeabi_dmul
    main.o(.text) refers to daddsub_clz.o(x$fpl$dsub) for __aeabi_dsub
    main.o(.text) refers to daddsub_clz.o(x$fpl$dadd) for __aeabi_dadd
    main.o(.text) refers to sqrt.o(i.__hardfp_sqrt) for __hardfp_sqrt
    main.o(.text) refers to ddiv.o(x$fpl$ddiv) for __aeabi_ddiv
    main.o(.text) refers to atan.o(i.__hardfp_atan) for __hardfp_atan
    main.o(.text) refers to drleqf.o(x$fpl$drleqf) for __aeabi_cdrcmple
    main.o(.text) refers to dleqf.o(x$fpl$dleqf) for __aeabi_cdcmple
    main.o(.text) refers to main.o(.data) for i
    main.o(.text) refers to main.o(.constdata) for .constdata
    main.o(.text) refers to stm32f4xx_gpio.o(.text) for GPIO_ToggleBits
    main.o(.text) refers to timconfig.o(.text) for INTTIM_Config
    main.o(.text) refers to accconfig.o(.text) for AccelInit
    main.o(.text) refers to gpioconfig.o(.text) for configLED
    main.o(.text) refers to stm32f4xx_exti.o(.text) for EXTI_GetFlagStatus
    main.o(.text) refers to stm32f4xx_tim.o(.text) for TIM_GetITStatus
    system_stm32f4xx.o(.text) refers to system_stm32f4xx.o(.data) for SystemCoreClock
    accconfig.o(.text) refers to stm32f4_discovery_lis302dl.o(.text) for LIS302DL_Init
    accconfig.o(.text) refers to stm32f4xx_rcc.o(.text) for RCC_AHB1PeriphClockCmd
    accconfig.o(.text) refers to stm32f4xx_gpio.o(.text) for GPIO_Init
    accconfig.o(.text) refers to stm32f4xx_syscfg.o(.text) for SYSCFG_EXTILineConfig
    accconfig.o(.text) refers to stm32f4xx_exti.o(.text) for EXTI_Init
    accconfig.o(.text) refers to misc.o(.text) for NVIC_Init
    accconfig.o(.text) refers to accconfig.o(.data) for crtl
    movingfilter.o(.text) refers to dflt_clz.o(x$fpl$dflt) for __aeabi_i2d
    movingfilter.o(.text) refers to daddsub_clz.o(x$fpl$dadd) for __aeabi_dadd
    movingfilter.o(.text) refers to ddiv.o(x$fpl$ddiv) for __aeabi_ddiv
    timconfig.o(.text) refers to misc.o(.text) for NVIC_Init
    timconfig.o(.text) refers to stm32f4xx_rcc.o(.text) for RCC_APB1PeriphClockCmd
    timconfig.o(.text) refers to stm32f4xx_tim.o(.text) for TIM_TimeBaseInit
    timconfig.o(.text) refers to stm32f4xx_gpio.o(.text) for GPIO_StructInit
    timconfig.o(.text) refers to system_stm32f4xx.o(.data) for SystemCoreClock
    gpioconfig.o(.text) refers to stm32f4xx_rcc.o(.text) for RCC_AHB1PeriphClockCmd
    gpioconfig.o(.text) refers to stm32f4xx_gpio.o(.text) for GPIO_Init
    stm32f4xx_adc.o(.text) refers to stm32f4xx_rcc.o(.text) for RCC_APB2PeriphResetCmd
    stm32f4xx_can.o(.text) refers to stm32f4xx_rcc.o(.text) for RCC_APB1PeriphResetCmd
    stm32f4xx_cryp.o(.text) refers to stm32f4xx_rcc.o(.text) for RCC_AHB2PeriphResetCmd
    stm32f4xx_cryp_aes.o(.text) refers to stm32f4xx_cryp.o(.text) for CRYP_KeyStructInit
    stm32f4xx_cryp_des.o(.text) refers to stm32f4xx_cryp.o(.text) for CRYP_KeyStructInit
[...]
    STM32F4xx_StdPeriph_Driver\src\misc.c    0x00000000   Number         0  misc.o ABSOLUTE
    STM32F4xx_StdPeriph_Driver\src\stm32f4xx_adc.c 0x00000000   Number         0  stm32f4xx_adc.o ABSOLUTE
    STM32F4xx_StdPeriph_Driver\src\stm32f4xx_can.c 0x00000000   Number         0  stm32f4xx_can.o ABSOLUTE
    STM32F4xx_StdPeriph_Driver\src\stm32f4xx_crc.c 0x00000000   Number         0  stm32f4xx_crc.o ABSOLUTE
    STM32F4xx_StdPeriph_Driver\src\stm32f4xx_cryp.c 0x00000000   Number         0  stm32f4xx_cryp.o ABSOLUTE
    STM32F4xx_StdPeriph_Driver\src\stm32f4xx_cryp_aes.c 0x00000000   Number         0  stm32f4xx_cryp_aes.o ABSOLUTE
    STM32F4xx_StdPeriph_Driver\src\stm32f4xx_cryp_des.c 0x00000000   Number         0  stm32f4xx_cryp_des.o ABSOLUTE
    STM32F4xx_StdPeriph_Driver\src\stm32f4xx_cryp_tdes.c 0x00000000   Number         0  stm32f4xx_cryp_tdes.o ABSOLUTE
    STM32F4xx_StdPeriph_Driver\src\stm32f4xx_dac.c 0x00000000   Number         0  stm32f4xx_dac.o ABSOLUTE
    STM32F4xx_StdPeriph_Driver\src\stm32f4xx_dbgmcu.c 0x00000000   Number         0  stm32f4xx_dbgmcu.o ABSOLUTE
    STM32F4xx_StdPeriph_Driver\src\stm32f4xx_dcmi.c 0x00000000   Number         0  stm32f4xx_dcmi.o ABSOLUTE
    STM32F4xx_StdPeriph_Driver\src\stm32f4xx_dma.c 0x00000000   Number         0  stm32f4xx_dma.o ABSOLUTE
    STM32F4xx_StdPeriph_Driver\src\stm32f4xx_exti.c 0x00000000   Number         0  stm32f4xx_exti.o ABSOLUTE
    STM32F4xx_StdPeriph_Driver\src\stm32f4xx_flash.c 0x00000000   Number         0  stm32f4xx_flash.o ABSOLUTE
    STM32F4xx_StdPeriph_Driver\src\stm32f4xx_fsmc.c 0x00000000   Number         0  stm32f4xx_fsmc.o ABSOLUTE
    STM32F4xx_StdPeriph_Driver\src\stm32f4xx_gpio.c 0x00000000   Number         0  stm32f4xx_gpio.o ABSOLUTE
    STM32F4xx_StdPeriph_Driver\src\stm32f4xx_hash.c 0x00000000   Number         0  stm32f4xx_hash.o ABSOLUTE
    STM32F4xx_StdPeriph_Driver\src\stm32f4xx_hash_md5.c 0x00000000   Number         0  stm32f4xx_hash_md5.o ABSOLUTE
    STM32F4xx_StdPeriph_Driver\src\stm32f4xx_hash_sha1.c 0x00000000   Number         0  stm32f4xx_hash_sha1.o ABSOLUTE
    STM32F4xx_StdPeriph_Driver\src\stm32f4xx_i2c.c 0x00000000   Number         0  stm32f4xx_i2c.o ABSOLUTE
    STM32F4xx_StdPeriph_Driver\src\stm32f4xx_iwdg.c 0x00000000   Number         0  stm32f4xx_iwdg.o ABSOLUTE
    STM32F4xx_StdPeriph_Driver\src\stm32f4xx_pwr.c 0x00000000   Number         0  stm32f4xx_pwr.o ABSOLUTE
    STM32F4xx_StdPeriph_Driver\src\stm32f4xx_rcc.c 0x00000000   Number         0  stm32f4xx_rcc.o ABSOLUTE
    STM32F4xx_StdPeriph_Driver\src\stm32f4xx_rng.c 0x00000000   Number         0  stm32f4xx_rng.o ABSOLUTE
    STM32F4xx_StdPeriph_Driver\src\stm32f4xx_rtc.c 0x00000000   Number         0  stm32f4xx_rtc.o ABSOLUTE
    STM32F4xx_StdPeriph_Driver\src\stm32f4xx_sdio.c 0x00000000   Number         0  stm32f4xx_sdio.o ABSOLUTE
    STM32F4xx_StdPeriph_Driver\src\stm32f4xx_spi.c 0x00000000   Number         0  stm32f4xx_spi.o ABSOLUTE
    STM32F4xx_StdPeriph_Driver\src\stm32f4xx_syscfg.c 0x00000000   Number         0  stm32f4xx_syscfg.o ABSOLUTE
    STM32F4xx_StdPeriph_Driver\src\stm32f4xx_tim.c 0x00000000   Number         0  stm32f4xx_tim.o ABSOLUTE
    STM32F4xx_StdPeriph_Driver\src\stm32f4xx_usart.c 0x00000000   Number         0  stm32f4xx_usart.o ABSOLUTE
    STM32F4xx_StdPeriph_Driver\src\stm32f4xx_wwdg.c 0x00000000   Number         0  stm32f4xx_wwdg.o ABSOLUTE
    dc.s                                     0x00000000   Number         0  dc.o ABSOLUTE
    src\\accConfig.c                         0x00000000   Number         0  accconfig.o ABSOLUTE
    src\\fputc_debug.c                       0x00000000   Number         0  fputc_debug.o ABSOLUTE
    src\\gpioConfig.c                        0x00000000   Number         0  gpioconfig.o ABSOLUTE
    src\\main.c                              0x00000000   Number         0  main.o ABSOLUTE
    src\\movingFilter.c                      0x00000000   Number         0  movingfilter.o ABSOLUTE
    src\\system_stm32f4xx.c                  0x00000000   Number         0  system_stm32f4xx.o ABSOLUTE
    src\\timConfig.c                         0x00000000   Number         0  timconfig.o ABSOLUTE
    src\accConfig.c                          0x00000000   Number         0  accconfig.o ABSOLUTE
    src\fputc_debug.c                        0x00000000   Number         0  fputc_debug.o ABSOLUTE
    src\gpioConfig.c                         0x00000000   Number         0  gpioconfig.o ABSOLUTE
    src\main.c                               0x00000000   Number         0  main.o ABSOLUTE
    src\movingFilter.c                       0x00000000   Number         0  movingfilter.o ABSOLUTE
    src\startup_stm32f40xx.s                 0x00000000   Number         0  startup_stm32f40xx.o ABSOLUTE
    src\system_stm32f4xx.c                   0x00000000   Number         0  system_stm32f4xx.o ABSOLUTE
    src\timConfig.c                          0x00000000   Number         0  timconfig.o ABSOLUTE
    RESET                                    0x08000000   Section      392  startup_stm32f40xx.o(RESET)
    !!!main                                  0x08000188   Section        8  __main.o(!!!main)
    !!!scatter                               0x08000190   Section       52  __scatter.o(!!!scatter)
    !!handler_copy                           0x080001c4   Section       26  __scatter_copy.o(!!handler_copy)
    !!handler_zi                             0x080001e0   Section       28  __scatter_zi.o(!!handler_zi)
    .ARM.Collect$$_printf_percent$$00000000  0x080001fc   Section        0  _printf_percent.o(.ARM.Collect$$_printf_percent$$00000000)
    .ARM.Collect$$_printf_percent$$00000003  0x080001fc   Section        6  _printf_f.o(.ARM.Collect$$_printf_percent$$00000003)
    .ARM.Collect$$_printf_percent$$00000017  0x08000202   Section        4  _printf_percent_end.o(.ARM.Collect$$_printf_percent$$00000017)
    .ARM.Collect$$libinit$$00000000          0x08000206   Section        2  libinit.o(.ARM.Collect$$libinit$$00000000)
    .ARM.Collect$$libinit$$00000001          0x08000208   Section        4  libinit2.o(.ARM.Collect$$libinit$$00000001)
    .ARM.Collect$$libinit$$00000008          0x0800020c   Section        0  libinit2.o(.ARM.Collect$$libinit$$00000008)
    .ARM.Collect$$libinit$$0000000A          0x0800020c   Section        0  libinit2.o(.ARM.Collect$$libinit$$0000000A)
    .ARM.Collect$$libinit$$0000000C          0x0800020c   Section        0  libinit2.o(.ARM.Collect$$libinit$$0000000C)
    .ARM.Collect$$libinit$$0000000D          0x0800020c   Section        6  libinit2.o(.ARM.Collect$$libinit$$0000000D)
    .ARM.Collect$$libinit$$0000000F          0x08000212   Section        0  libinit2.o(.ARM.Collect$$libinit$$0000000F)
    .ARM.Collect$$libinit$$00000011          0x08000212   Section        0  libinit2.o(.ARM.Collect$$libinit$$00000011)
    .ARM.Collect$$libinit$$00000013          0x08000212   Section        0  libinit2.o(.ARM.Collect$$libinit$$00000013)
    .ARM.Collect$$libinit$$00000014          0x08000212   Section       10  libinit2.o(.ARM.Collect$$libinit$$00000014)
    .ARM.Collect$$libinit$$00000015          0x0800021c   Section        0  libinit2.o(.ARM.Collect$$libinit$$00000015)
    .ARM.Collect$$libinit$$00000017          0x0800021c   Section        0  libinit2.o(.ARM.Collect$$libinit$$00000017)
    .ARM.Collect$$libinit$$00000019          0x0800021c   Section        0  libinit2.o(.ARM.Collect$$libinit$$00000019)
    .ARM.Collect$$libinit$$0000001B          0x0800021c   Section        0  libinit2.o(.ARM.Collect$$libinit$$0000001B)
    .ARM.Collect$$libinit$$0000001D          0x0800021c   Section        0  libinit2.o(.ARM.Collect$$libinit$$0000001D)
    .ARM.Collect$$libinit$$0000001F          0x0800021c   Section        0  libinit2.o(.ARM.Collect$$libinit$$0000001F)
    .ARM.Collect$$libinit$$00000021          0x0800021c   Section        0  libinit2.o(.ARM.Collect$$libinit$$00000021)
    .ARM.Collect$$libinit$$00000023          0x0800021c   Section        0  libinit2.o(.ARM.Collect$$libinit$$00000023)
    .ARM.Collect$$libinit$$0000002A          0x0800021c   Section        0  libinit2.o(.ARM.Collect$$libinit$$0000002A)
    .ARM.Collect$$libinit$$0000002C          0x0800021c   Section        0  libinit2.o(.ARM.Collect$$libinit$$0000002C)
    .ARM.Collect$$libinit$$0000002E          0x0800021c   Section        0  libinit2.o(.ARM.Collect$$libinit$$0000002E)
    .ARM.Collect$$libinit$$00000030          0x0800021c   Section        0  libinit2.o(.ARM.Collect$$libinit$$00000030)
    .ARM.Collect$$libinit$$00000031          0x0800021c   Section        2  libinit2.o(.ARM.Collect$$libinit$$00000031)
    .ARM.Collect$$libshutdown$$00000000      0x0800021e   Section        2  libshutdown.o(.ARM.Collect$$libshutdown$$00000000)
    .ARM.Collect$$libshutdown$$00000003      0x08000220   Section        0  libshutdown2.o(.ARM.Collect$$libshutdown$$00000003)
    .ARM.Collect$$libshutdown$$00000006      0x08000220   Section        0  libshutdown2.o(.ARM.Collect$$libshutdown$$00000006)
    .ARM.Collect$$libshutdown$$00000009      0x08000220   Section        0  libshutdown2.o(.ARM.Collect$$libshutdown$$00000009)
    .ARM.Collect$$libshutdown$$0000000B      0x08000220   Section        0  libshutdown2.o(.ARM.Collect$$libshutdown$$0000000B)
    .ARM.Collect$$libshutdown$$0000000E      0x08000220   Section        0  libshutdown2.o(.ARM.Collect$$libshutdown$$0000000E)
    .ARM.Collect$$libshutdown$$0000000F      0x08000220   Section        2  libshutdown2.o(.ARM.Collect$$libshutdown$$0000000F)
    .ARM.Collect$$rtentry$$00000000          0x08000222   Section        0  rtentry.o(.ARM.Collect$$rtentry$$00000000)
    .ARM.Collect$$rtentry$$00000002          0x08000222   Section        0  rtentry2.o(.ARM.Collect$$rtentry$$00000002)
    .ARM.Collect$$rtentry$$00000004          0x08000222   Section        6  rtentry4.o(.ARM.Collect$$rtentry$$00000004)
    .ARM.Collect$$rtentry$$00000009          0x08000228   Section        0  rtentry2.o(.ARM.Collect$$rtentry$$00000009)
    .ARM.Collect$$rtentry$$0000000A          0x08000228   Section        4  rtentry2.o(.ARM.Collect$$rtentry$$0000000A)
    .ARM.Collect$$rtentry$$0000000C          0x0800022c   Section        0  rtentry2.o(.ARM.Collect$$rtentry$$0000000C)
    .ARM.Collect$$rtentry$$0000000D          0x0800022c   Section        8  rtentry2.o(.ARM.Collect$$rtentry$$0000000D)
    .ARM.Collect$$rtexit$$00000000           0x08000234   Section        2  rtexit.o(.ARM.Collect$$rtexit$$00000000)
    .ARM.Collect$$rtexit$$00000002           0x08000236   Section        0  rtexit2.o(.ARM.Collect$$rtexit$$00000002)
    .ARM.Collect$$rtexit$$00000003           0x08000236   Section        4  rtexit2.o(.ARM.Collect$$rtexit$$00000003)
    .ARM.Collect$$rtexit$$00000004           0x0800023a   Section        6  rtexit2.o(.ARM.Collect$$rtexit$$00000004)
    .text                                    0x08000240   Section       64  startup_stm32f40xx.o(.text)
    $v0                                      0x08000240   Number         0  startup_stm32f40xx.o(.text)
    .text                                    0x08000280   Section        0  fputc_debug.o(.text)
    ITM_SendChar                             0x08000281   Thumb Code    42  fputc_debug.o(.text)
    .text                                    0x080002cc   Section        0  main.o(.text)
    .text                                    0x08000b34   Section        0  system_stm32f4xx.o(.text)
    SetSysClock                              0x08000b35   Thumb Code   218  system_stm32f4xx.o(.text)
    .text                                    0x08000d40   Section        0  accconfig.o(.text)
    .text                                    0x08000e48   Section        0  movingfilter.o(.text)
    .text                                    0x08000ef8   Section        0  timconfig.o(.text)
    .text                                    0x08001038   Section        0  gpioconfig.o(.text)
    .text                                    0x080010a0   Section        0  misc.o(.text)
    .text                                    0x08001184   Section        0  stm32f4xx_exti.o(.text)
    .text                                    0x080012a0   Section        0  stm32f4xx_gpio.o(.text)
    .text                                    0x080014fc   Section        0  stm32f4xx_rcc.o(.text)
    .text                                    0x08001a84   Section        0  stm32f4xx_spi.o(.text)
    .text                                    0x08001e78   Section        0  stm32f4xx_syscfg.o(.text)
    .text                                    0x08001f04   Section        0  stm32f4xx_tim.o(.text)
    TI4_Config                               0x080026a3   Thumb Code    80  stm32f4xx_tim.o(.text)
    TI3_Config                               0x08002705   Thumb Code    72  stm32f4xx_tim.o(.text)
    TI2_Config                               0x08002767   Thumb Code    90  stm32f4xx_tim.o(.text)
    TI1_Config                               0x080027d3   Thumb Code    58  stm32f4xx_tim.o(.text)
    .text                                    0x08002ba8   Section        0  stm32f4_discovery_lis302dl.o(.text)
    LIS302DL_SendByte                        0x08002bad   Thumb Code    98  stm32f4_discovery_lis302dl.o(.text)
    LIS302DL_LowLevel_Init                   0x08002c49   Thumb Code   294  stm32f4_discovery_lis302dl.o(.text)
    .text                                    0x08002f68   Section        2  use_no_semi.o(.text)
    .text                                    0x08002f6c   Section        0  noretval__2printf.o(.text)
    .text                                    0x08002f84   Section        0  __printf.o(.text)
    .text                                    0x08002fec   Section       78  rt_memclr_w.o(.text)
    .text                                    0x0800303a   Section        0  heapauxi.o(.text)
    .text                                    0x08003040   Section        0  _rserrno.o(.text)
    .text                                    0x08003056   Section        0  _printf_fp_dec.o(.text)
    _fp_digits                               0x08003059   Thumb Code   426  _printf_fp_dec.o(.text)
    .text                                    0x08003478   Section        0  _printf_char_file.o(.text)
    .text                                    0x0800349c   Section        8  rt_locale_intlibspace.o(.text)
    .text                                    0x080034a4   Section        8  rt_errno_addr_intlibspace.o(.text)
    .text                                    0x080034ac   Section      138  lludiv10.o(.text)
    .text                                    0x08003538   Section        0  _printf_char_common.o(.text)
    _printf_input_char                       0x08003539   Thumb Code    10  _printf_char_common.o(.text)
    .text                                    0x08003568   Section        0  _printf_fp_infnan.o(.text)
    .text                                    0x080035e8   Section        0  bigflt0.o(.text)
    .text                                    0x080036cc   Section        0  ferror.o(.text)
    .text                                    0x080036d4   Section        8  libspace.o(.text)
    .text                                    0x080036dc   Section       74  sys_stackheap_outer.o(.text)
    .text                                    0x08003726   Section        0  exit.o(.text)
    .text                                    0x08003734   Section      128  strcmpv7m.o(.text)
    CL$$btod_d2e                             0x080037b4   Section       62  btod.o(CL$$btod_d2e)
    CL$$btod_d2e_denorm_low                  0x080037f2   Section       70  btod.o(CL$$btod_d2e_denorm_low)
    CL$$btod_d2e_norm_op1                    0x08003838   Section       96  btod.o(CL$$btod_d2e_norm_op1)
    CL$$btod_div_common                      0x08003898   Section      824  btod.o(CL$$btod_div_common)
    CL$$btod_e2e                             0x08003bd0   Section      198  btod.o(CL$$btod_e2e)
    CL$$btod_ediv                            0x08003c96   Section       40  btod.o(CL$$btod_ediv)
    CL$$btod_emul                            0x08003cbe   Section       40  btod.o(CL$$btod_emul)
    CL$$btod_mult_common                     0x08003ce6   Section      580  btod.o(CL$$btod_mult_common)
    i.__ARM_fpclassify                       0x08003f2a   Section        0  fpclassify.o(i.__ARM_fpclassify)
    i.__hardfp_atan                          0x08003f60   Section        0  atan.o(i.__hardfp_atan)
    i.__hardfp_sqrt                          0x08004248   Section        0  sqrt.o(i.__hardfp_sqrt)
    i.__kernel_poly                          0x080042c2   Section        0  poly.o(i.__kernel_poly)
    i.__mathlib_dbl_underflow                0x080043c0   Section        0  dunder.o(i.__mathlib_dbl_underflow)
    i.fabs                                   0x080043e0   Section        0  fabs.o(i.fabs)
    locale$$code                             0x08004400   Section       44  lc_numeric_c.o(locale$$code)
    x$fpl$basic                              0x0800442c   Section       24  basic.o(x$fpl$basic)
    $v0                                      0x0800442c   Number         0  basic.o(x$fpl$basic)
    x$fpl$dadd                               0x08004444   Section      336  daddsub_clz.o(x$fpl$dadd)
    $v0                                      0x08004444   Number         0  daddsub_clz.o(x$fpl$dadd)
    _dadd1                                   0x08004455   Thumb Code     0  daddsub_clz.o(x$fpl$dadd)
    x$fpl$dcmpinf                            0x08004594   Section       24  dcmpi.o(x$fpl$dcmpinf)
    $v0                                      0x08004594   Number         0  dcmpi.o(x$fpl$dcmpinf)
    x$fpl$ddiv                               0x080045ac   Section      688  ddiv.o(x$fpl$ddiv)
    $v0                                      0x080045ac   Number         0  ddiv.o(x$fpl$ddiv)
    ddiv_entry                               0x080045b3   Thumb Code     0  ddiv.o(x$fpl$ddiv)
    x$fpl$dflt                               0x0800485c   Section       46  dflt_clz.o(x$fpl$dflt)
    $v0                                      0x0800485c   Number         0  dflt_clz.o(x$fpl$dflt)
    x$fpl$dleqf                              0x0800488c   Section      120  dleqf.o(x$fpl$dleqf)
    $v0                                      0x0800488c   Number         0  dleqf.o(x$fpl$dleqf)
    x$fpl$dmul                               0x08004904   Section      340  dmul.o(x$fpl$dmul)
    $v0                                      0x08004904   Number         0  dmul.o(x$fpl$dmul)
    x$fpl$dnaninf                            0x08004a58   Section      156  dnaninf.o(x$fpl$dnaninf)
    $v0                                      0x08004a58   Number         0  dnaninf.o(x$fpl$dnaninf)
    x$fpl$dretinf                            0x08004af4   Section       12  dretinf.o(x$fpl$dretinf)
    $v0                                      0x08004af4   Number         0  dretinf.o(x$fpl$dretinf)
    x$fpl$drleqf                             0x08004b00   Section      108  drleqf.o(x$fpl$drleqf)
    $v0                                      0x08004b00   Number         0  drleqf.o(x$fpl$drleqf)
    x$fpl$drsb                               0x08004b6c   Section       22  daddsub_clz.o(x$fpl$drsb)
    $v0                                      0x08004b6c   Number         0  daddsub_clz.o(x$fpl$drsb)
    x$fpl$dsqrt                              0x08004b84   Section      408  dsqrt_umaal.o(x$fpl$dsqrt)
    $v0                                      0x08004b84   Number         0  dsqrt_umaal.o(x$fpl$dsqrt)
    x$fpl$dsub                               0x08004d1c   Section      468  daddsub_clz.o(x$fpl$dsub)
    $v0                                      0x08004d1c   Number         0  daddsub_clz.o(x$fpl$dsub)
    _dsub1                                   0x08004d2d   Thumb Code     0  daddsub_clz.o(x$fpl$dsub)
    x$fpl$fpinit                             0x08004ef0   Section       10  fpinit.o(x$fpl$fpinit)
    $v0                                      0x08004ef0   Number         0  fpinit.o(x$fpl$fpinit)
    x$fpl$printf1                            0x08004efa   Section        4  printf1.o(x$fpl$printf1)
    $v0                                      0x08004efa   Number         0  printf1.o(x$fpl$printf1)
    x$fpl$usenofp                            0x08004efe   Section        0  usenofp.o(x$fpl$usenofp)
    .constdata                               0x08004f00   Section       48  main.o(.constdata)
    .constdata                               0x08004f30   Section      152  atan.o(.constdata)
    atanhi                                   0x08004f30   Data          32  atan.o(.constdata)
    atanlo                                   0x08004f50   Data          32  atan.o(.constdata)
    aTodd                                    0x08004f70   Data          40  atan.o(.constdata)
    aTeven                                   0x08004f98   Data          48  atan.o(.constdata)
    .constdata                               0x08004fc8   Section      148  bigflt0.o(.constdata)
    tenpwrs_x                                0x08004fc8   Data          60  bigflt0.o(.constdata)
    tenpwrs_i                                0x08005004   Data          64  bigflt0.o(.constdata)
    locale$$data                             0x0800507c   Section       28  lc_numeric_c.o(locale$$data)
    __lcnum_c_name                           0x08005080   Data           2  lc_numeric_c.o(locale$$data)
    __lcnum_c_start                          0x08005088   Data           0  lc_numeric_c.o(locale$$data)
    __lcnum_c_point                          0x08005094   Data           0  lc_numeric_c.o(locale$$data)
    __lcnum_c_thousands                      0x08005096   Data           0  lc_numeric_c.o(locale$$data)
    __lcnum_c_grouping                       0x08005097   Data           0  lc_numeric_c.o(locale$$data)
    __lcnum_c_end                            0x08005098   Data           0  lc_numeric_c.o(locale$$data)
    .data                                    0x20000000   Section        8  fputc_debug.o(.data)
    .data                                    0x20000008   Section       44  main.o(.data)
    .data                                    0x20000034   Section       20  system_stm32f4xx.o(.data)
    .data                                    0x20000048   Section        1  accconfig.o(.data)
    .data                                    0x20000049   Section       16  stm32f4xx_rcc.o(.data)
    APBAHBPrescTable                         0x20000049   Data          16  stm32f4xx_rcc.o(.data)
    .data                                    0x2000005c   Section        4  stm32f4_discovery_lis302dl.o(.data)
    .bss                                     0x20000060   Section       96  libspace.o(.bss)
    HEAP                                     0x200000c0   Section      512  startup_stm32f40xx.o(HEAP)
    Heap_Mem                                 0x200000c0   Data         512  startup_stm32f40xx.o(HEAP)
    STACK                                    0x200002c0   Section     1024  startup_stm32f40xx.o(STACK)
    Stack_Mem                                0x200002c0   Data        1024  startup_stm32f40xx.o(STACK)
    __initial_sp                             0x200006c0   Data           0  startup_stm32f40xx.o(STACK)

    Global Symbols

    Symbol Name                              Value     Ov Type        Size  Object(Section)

    BuildAttributes$$THM_ISAv4$E$P$D$K$B$S$7EM$VFPi3$EXTD16$VFPS$VFMA$PE$A:L22UL41UL21$X:L11$S22US41US21$IEEE1$IW$USESV6$~STKCKD$USESV7$~SHL$OTIME$ROPI$IEEEX$EBA8$UX$STANDARDLIB$REQ8$PRES8$EABIv2 0x00000000   Number         0  anon$$obj.o ABSOLUTE
    __ARM_use_no_argv                        0x00000000   Number         0  main.o ABSOLUTE
    __ARM_exceptions_init                     - Undefined Weak Reference
    __alloca_initialize                       - Undefined Weak Reference
    __cpp_initialize__aeabi_                  - Undefined Weak Reference
    __cxa_finalize                            - Undefined Weak Reference
    __sigvec_lookup                           - Undefined Weak Reference
    _atexit_init                              - Undefined Weak Reference
    _call_atexit_fns                          - Undefined Weak Reference
    _clock_init                               - Undefined Weak Reference
    _fp_trap_init                             - Undefined Weak Reference
    _fp_trap_shutdown                         - Undefined Weak Reference
    _get_lc_collate                           - Undefined Weak Reference
    _get_lc_ctype                             - Undefined Weak Reference
    _get_lc_monetary                          - Undefined Weak Reference
    _get_lc_time                              - Undefined Weak Reference
    _getenv_init                              - Undefined Weak Reference
    _handle_redirection                       - Undefined Weak Reference
    _init_alloc                               - Undefined Weak Reference
    _init_user_alloc                          - Undefined Weak Reference
    _initio                                   - Undefined Weak Reference
    _mutex_acquire                            - Undefined Weak Reference
    _mutex_release                            - Undefined Weak Reference
    _printf_post_padding                      - Undefined Weak Reference
    _printf_pre_padding                       - Undefined Weak Reference
    _rand_init                                - Undefined Weak Reference
    _signal_finish                            - Undefined Weak Reference
    _signal_init                              - Undefined Weak Reference
    _terminate_alloc                          - Undefined Weak Reference
    _terminate_user_alloc                     - Undefined Weak Reference
    _terminateio                              - Undefined Weak Reference
    __Vectors_Size                           0x00000188   Number         0  startup_stm32f40xx.o ABSOLUTE
    __Vectors                                0x08000000   Data           4  startup_stm32f40xx.o(RESET)
    __Vectors_End                            0x08000188   Data           0  startup_stm32f40xx.o(RESET)
    __main                                   0x08000189   Thumb Code     8  __main.o(!!!main)
    __scatterload                            0x08000191   Thumb Code     0  __scatter.o(!!!scatter)
    __scatterload_rt2                        0x08000191   Thumb Code    44  __scatter.o(!!!scatter)
    __scatterload_rt2_thumb_only             0x08000191   Thumb Code     0  __scatter.o(!!!scatter)
    __scatterload_null                       0x0800019f   Thumb Code     0  __scatter.o(!!!scatter)
    __scatterload_copy                       0x080001c5   Thumb Code    26  __scatter_copy.o(!!handler_copy)
    __scatterload_zeroinit                   0x080001e1   Thumb Code    28  __scatter_zi.o(!!handler_zi)
    _printf_f                                0x080001fd   Thumb Code     0  _printf_f.o(.ARM.Collect$$_printf_percent$$00000003)
    _printf_percent                          0x080001fd   Thumb Code     0  _printf_percent.o(.ARM.Collect$$_printf_percent$$00000000)
    _printf_percent_end                      0x08000203   Thumb Code     0  _printf_percent_end.o(.ARM.Collect$$_printf_percent$$00000017)
    __rt_lib_init                            0x08000207   Thumb Code     0  libinit.o(.ARM.Collect$$libinit$$00000000)
    __rt_lib_init_fp_1                       0x08000209   Thumb Code     0  libinit2.o(.ARM.Collect$$libinit$$00000001)
    __rt_lib_init_heap_1                     0x0800020d   Thumb Code     0  libinit2.o(.ARM.Collect$$libinit$$00000008)
    __rt_lib_init_lc_common                  0x0800020d   Thumb Code     0  libinit2.o(.ARM.Collect$$libinit$$0000000D)
    __rt_lib_init_rand_1                     0x0800020d   Thumb Code     0  libinit2.o(.ARM.Collect$$libinit$$0000000C)
    __rt_lib_init_user_alloc_1               0x0800020d   Thumb Code     0  libinit2.o(.ARM.Collect$$libinit$$0000000A)
    __rt_lib_init_lc_collate_1               0x08000213   Thumb Code     0  libinit2.o(.ARM.Collect$$libinit$$0000000F)
    __rt_lib_init_lc_ctype_1                 0x08000213   Thumb Code     0  libinit2.o(.ARM.Collect$$libinit$$00000011)
    __rt_lib_init_lc_monetary_1              0x08000213   Thumb Code     0  libinit2.o(.ARM.Collect$$libinit$$00000013)
    __rt_lib_init_lc_numeric_2               0x08000213   Thumb Code     0  libinit2.o(.ARM.Collect$$libinit$$00000014)
    __rt_lib_init_alloca_1                   0x0800021d   Thumb Code     0  libinit2.o(.ARM.Collect$$libinit$$0000002C)
    __rt_lib_init_argv_1                     0x0800021d   Thumb Code     0  libinit2.o(.ARM.Collect$$libinit$$0000002A)
    __rt_lib_init_atexit_1                   0x0800021d   Thumb Code     0  libinit2.o(.ARM.Collect$$libinit$$00000019)
    __rt_lib_init_clock_1                    0x0800021d   Thumb Code     0  libinit2.o(.ARM.Collect$$libinit$$0000001F)
    __rt_lib_init_cpp_1                      0x0800021d   Thumb Code     0  libinit2.o(.ARM.Collect$$libinit$$00000030)
    __rt_lib_init_exceptions_1               0x0800021d   Thumb Code     0  libinit2.o(.ARM.Collect$$libinit$$0000002E)
    __rt_lib_init_fp_trap_1                  0x0800021d   Thumb Code     0  libinit2.o(.ARM.Collect$$libinit$$0000001D)
    __rt_lib_init_getenv_1                   0x0800021d   Thumb Code     0  libinit2.o(.ARM.Collect$$libinit$$00000021)
    __rt_lib_init_lc_numeric_1               0x0800021d   Thumb Code     0  libinit2.o(.ARM.Collect$$libinit$$00000015)
    __rt_lib_init_lc_time_1                  0x0800021d   Thumb Code     0  libinit2.o(.ARM.Collect$$libinit$$00000017)
    __rt_lib_init_return                     0x0800021d   Thumb Code     0  libinit2.o(.ARM.Collect$$libinit$$00000031)
    __rt_lib_init_signal_1                   0x0800021d   Thumb Code     0  libinit2.o(.ARM.Collect$$libinit$$0000001B)
    __rt_lib_init_stdio_1                    0x0800021d   Thumb Code     0  libinit2.o(.ARM.Collect$$libinit$$00000023)
    __rt_lib_shutdown                        0x0800021f   Thumb Code     0  libshutdown.o(.ARM.Collect$$libshutdown$$00000000)
    __rt_lib_shutdown_fp_trap_1              0x08000221   Thumb Code     0  libshutdown2.o(.ARM.Collect$$libshutdown$$00000006)
    __rt_lib_shutdown_heap_1                 0x08000221   Thumb Code     0  libshutdown2.o(.ARM.Collect$$libshutdown$$0000000E)
    __rt_lib_shutdown_return                 0x08000221   Thumb Code     0  libshutdown2.o(.ARM.Collect$$libshutdown$$0000000F)
    __rt_lib_shutdown_signal_1               0x08000221   Thumb Code     0  libshutdown2.o(.ARM.Collect$$libshutdown$$00000009)
    __rt_lib_shutdown_stdio_1                0x08000221   Thumb Code     0  libshutdown2.o(.ARM.Collect$$libshutdown$$00000003)
    __rt_lib_shutdown_user_alloc_1           0x08000221   Thumb Code     0  libshutdown2.o(.ARM.Collect$$libshutdown$$0000000B)
    __rt_entry                               0x08000223   Thumb Code     0  rtentry.o(.ARM.Collect$$rtentry$$00000000)
    __rt_entry_presh_1                       0x08000223   Thumb Code     0  rtentry2.o(.ARM.Collect$$rtentry$$00000002)
    __rt_entry_sh                            0x08000223   Thumb Code     0  rtentry4.o(.ARM.Collect$$rtentry$$00000004)
    __rt_entry_li                            0x08000229   Thumb Code     0  rtentry2.o(.ARM.Collect$$rtentry$$0000000A)
    __rt_entry_postsh_1                      0x08000229   Thumb Code     0  rtentry2.o(.ARM.Collect$$rtentry$$00000009)
    __rt_entry_main                          0x0800022d   Thumb Code     0  rtentry2.o(.ARM.Collect$$rtentry$$0000000D)
    __rt_entry_postli_1                      0x0800022d   Thumb Code     0  rtentry2.o(.ARM.Collect$$rtentry$$0000000C)
    __rt_exit                                0x08000235   Thumb Code     0  rtexit.o(.ARM.Collect$$rtexit$$00000000)
    __rt_exit_ls                             0x08000237   Thumb Code     0  rtexit2.o(.ARM.Collect$$rtexit$$00000003)
    __rt_exit_prels_1                        0x08000237   Thumb Code     0  rtexit2.o(.ARM.Collect$$rtexit$$00000002)
    __rt_exit_exit                           0x0800023b   Thumb Code     0  rtexit2.o(.ARM.Collect$$rtexit$$00000004)
    Reset_Handler                            0x08000241   Thumb Code     8  startup_stm32f40xx.o(.text)
    NMI_Handler                              0x08000249   Thumb Code     2  startup_stm32f40xx.o(.text)
    HardFault_Handler                        0x0800024b   Thumb Code     2  startup_stm32f40xx.o(.text)
    MemManage_Handler                        0x0800024d   Thumb Code     2  startup_stm32f40xx.o(.text)
    BusFault_Handler                         0x0800024f   Thumb Code     2  startup_stm32f40xx.o(.text)
    UsageFault_Handler                       0x08000251   Thumb Code     2  startup_stm32f40xx.o(.text)
    SVC_Handler                              0x08000253   Thumb Code     2  startup_stm32f40xx.o(.text)
    DebugMon_Handler                         0x08000255   Thumb Code     2  startup_stm32f40xx.o(.text)
    PendSV_Handler                           0x08000257   Thumb Code     2  startup_stm32f40xx.o(.text)
    SysTick_Handler                          0x08000259   Thumb Code     2  startup_stm32f40xx.o(.text)
    ADC_IRQHandler                           0x0800025b   Thumb Code     0  startup_stm32f40xx.o(.text)
    CAN1_RX0_IRQHandler                      0x0800025b   Thumb Code     0  startup_stm32f40xx.o(.text)
    CAN1_RX1_IRQHandler                      0x0800025b   Thumb Code     0  startup_stm32f40xx.o(.text)
    CAN1_SCE_IRQHandler                      0x0800025b   Thumb Code     0  startup_stm32f40xx.o(.text)
    CAN1_TX_IRQHandler                       0x0800025b   Thumb Code     0  startup_stm32f40xx.o(.text)
    CAN2_RX0_IRQHandler                      0x0800025b   Thumb Code     0  startup_stm32f40xx.o(.text)
    CAN2_RX1_IRQHandler                      0x0800025b   Thumb Code     0  startup_stm32f40xx.o(.text)
    CAN2_SCE_IRQHandler                      0x0800025b   Thumb Code     0  startup_stm32f40xx.o(.text)
    CAN2_TX_IRQHandler                       0x0800025b   Thumb Code     0  startup_stm32f40xx.o(.text)
    CRYP_IRQHandler                          0x0800025b   Thumb Code     0  startup_stm32f40xx.o(.text)
    DCMI_IRQHandler                          0x0800025b   Thumb Code     0  startup_stm32f40xx.o(.text)
    DMA1_Stream0_IRQHandler                  0x0800025b   Thumb Code     0  startup_stm32f40xx.o(.text)
    DMA1_Stream1_IRQHandler                  0x0800025b   Thumb Code     0  startup_stm32f40xx.o(.text)
    DMA1_Stream2_IRQHandler                  0x0800025b   Thumb Code     0  startup_stm32f40xx.o(.text)
    DMA1_Stream3_IRQHandler                  0x0800025b   Thumb Code     0  startup_stm32f40xx.o(.text)
    DMA1_Stream4_IRQHandler                  0x0800025b   Thumb Code     0  startup_stm32f40xx.o(.text)
    DMA1_Stream5_IRQHandler                  0x0800025b   Thumb Code     0  startup_stm32f40xx.o(.text)
    DMA1_Stream6_IRQHandler                  0x0800025b   Thumb Code     0  startup_stm32f40xx.o(.text)
    DMA1_Stream7_IRQHandler                  0x0800025b   Thumb Code     0  startup_stm32f40xx.o(.text)
    DMA2_Stream0_IRQHandler                  0x0800025b   Thumb Code     0  startup_stm32f40xx.o(.text)
    DMA2_Stream1_IRQHandler                  0x0800025b   Thumb Code     0  startup_stm32f40xx.o(.text)
    DMA2_Stream2_IRQHandler                  0x0800025b   Thumb Code     0  startup_stm32f40xx.o(.text)
    DMA2_Stream3_IRQHandler                  0x0800025b   Thumb Code     0  startup_stm32f40xx.o(.text)
    DMA2_Stream4_IRQHandler                  0x0800025b   Thumb Code     0  startup_stm32f40xx.o(.text)
    DMA2_Stream5_IRQHandler                  0x0800025b   Thumb Code     0  startup_stm32f40xx.o(.text)
    DMA2_Stream6_IRQHandler                  0x0800025b   Thumb Code     0  startup_stm32f40xx.o(.text)
    DMA2_Stream7_IRQHandler                  0x0800025b   Thumb Code     0  startup_stm32f40xx.o(.text)
    ETH_IRQHandler                           0x0800025b   Thumb Code     0  startup_stm32f40xx.o(.text)
    ETH_WKUP_IRQHandler                      0x0800025b   Thumb Code     0  startup_stm32f40xx.o(.text)
    EXTI15_10_IRQHandler                     0x0800025b   Thumb Code     0  startup_stm32f40xx.o(.text)
    EXTI1_IRQHandler                         0x0800025b   Thumb Code     0  startup_stm32f40xx.o(.text)
    EXTI2_IRQHandler                         0x0800025b   Thumb Code     0  startup_stm32f40xx.o(.text)
    EXTI3_IRQHandler                         0x0800025b   Thumb Code     0  startup_stm32f40xx.o(.text)
    EXTI4_IRQHandler                         0x0800025b   Thumb Code     0  startup_stm32f40xx.o(.text)
    EXTI9_5_IRQHandler                       0x0800025b   Thumb Code     0  startup_stm32f40xx.o(.text)
    FLASH_IRQHandler                         0x0800025b   Thumb Code     0  startup_stm32f40xx.o(.text)
    FPU_IRQHandler                           0x0800025b   Thumb Code     0  startup_stm32f40xx.o(.text)
    FSMC_IRQHandler                          0x0800025b   Thumb Code     0  startup_stm32f40xx.o(.text)
    HASH_RNG_IRQHandler                      0x0800025b   Thumb Code     0  startup_stm32f40xx.o(.text)
    I2C1_ER_IRQHandler                       0x0800025b   Thumb Code     0  startup_stm32f40xx.o(.text)
    I2C1_EV_IRQHandler                       0x0800025b   Thumb Code     0  startup_stm32f40xx.o(.text)
    I2C2_ER_IRQHandler                       0x0800025b   Thumb Code     0  startup_stm32f40xx.o(.text)
    I2C2_EV_IRQHandler                       0x0800025b   Thumb Code     0  startup_stm32f40xx.o(.text)
    I2C3_ER_IRQHandler                       0x0800025b   Thumb Code     0  startup_stm32f40xx.o(.text)
    I2C3_EV_IRQHandler                       0x0800025b   Thumb Code     0  startup_stm32f40xx.o(.text)
    OTG_FS_IRQHandler                        0x0800025b   Thumb Code     0  startup_stm32f40xx.o(.text)
    OTG_FS_WKUP_IRQHandler                   0x0800025b   Thumb Code     0  startup_stm32f40xx.o(.text)
    OTG_HS_EP1_IN_IRQHandler                 0x0800025b   Thumb Code     0  startup_stm32f40xx.o(.text)
    OTG_HS_EP1_OUT_IRQHandler                0x0800025b   Thumb Code     0  startup_stm32f40xx.o(.text)
    OTG_HS_IRQHandler                        0x0800025b   Thumb Code     0  startup_stm32f40xx.o(.text)
    OTG_HS_WKUP_IRQHandler                   0x0800025b   Thumb Code     0  startup_stm32f40xx.o(.text)
    PVD_IRQHandler                           0x0800025b   Thumb Code     0  startup_stm32f40xx.o(.text)
    RCC_IRQHandler                           0x0800025b   Thumb Code     0  startup_stm32f40xx.o(.text)
    RTC_Alarm_IRQHandler                     0x0800025b   Thumb Code     0  startup_stm32f40xx.o(.text)
    RTC_WKUP_IRQHandler                      0x0800025b   Thumb Code     0  startup_stm32f40xx.o(.text)
    SDIO_IRQHandler                          0x0800025b   Thumb Code     0  startup_stm32f40xx.o(.text)
    SPI1_IRQHandler                          0x0800025b   Thumb Code     0  startup_stm32f40xx.o(.text)
    SPI2_IRQHandler                          0x0800025b   Thumb Code     0  startup_stm32f40xx.o(.text)
    SPI3_IRQHandler                          0x0800025b   Thumb Code     0  startup_stm32f40xx.o(.text)
    TAMP_STAMP_IRQHandler                    0x0800025b   Thumb Code     0  startup_stm32f40xx.o(.text)
    TIM1_BRK_TIM9_IRQHandler                 0x0800025b   Thumb Code     0  startup_stm32f40xx.o(.text)
    TIM1_CC_IRQHandler                       0x0800025b   Thumb Code     0  startup_stm32f40xx.o(.text)
    TIM1_TRG_COM_TIM11_IRQHandler            0x0800025b   Thumb Code     0  startup_stm32f40xx.o(.text)
    TIM1_UP_TIM10_IRQHandler                 0x0800025b   Thumb Code     0  startup_stm32f40xx.o(.text)
    TIM2_IRQHandler                          0x0800025b   Thumb Code     0  startup_stm32f40xx.o(.text)
    TIM4_IRQHandler                          0x0800025b   Thumb Code     0  startup_stm32f40xx.o(.text)
    TIM5_IRQHandler                          0x0800025b   Thumb Code     0  startup_stm32f40xx.o(.text)
    TIM6_DAC_IRQHandler                      0x0800025b   Thumb Code     0  startup_stm32f40xx.o(.text)
    TIM7_IRQHandler                          0x0800025b   Thumb Code     0  startup_stm32f40xx.o(.text)
    TIM8_BRK_TIM12_IRQHandler                0x0800025b   Thumb Code     0  startup_stm32f40xx.o(.text)
    TIM8_CC_IRQHandler                       0x0800025b   Thumb Code     0  startup_stm32f40xx.o(.text)
    TIM8_TRG_COM_TIM14_IRQHandler            0x0800025b   Thumb Code     0  startup_stm32f40xx.o(.text)
    TIM8_UP_TIM13_IRQHandler                 0x0800025b   Thumb Code     0  startup_stm32f40xx.o(.text)
    UART4_IRQHandler                         0x0800025b   Thumb Code     0  startup_stm32f40xx.o(.text)
    UART5_IRQHandler                         0x0800025b   Thumb Code     0  startup_stm32f40xx.o(.text)
    USART1_IRQHandler                        0x0800025b   Thumb Code     0  startup_stm32f40xx.o(.text)
    USART2_IRQHandler                        0x0800025b   Thumb Code     0  startup_stm32f40xx.o(.text)
    USART3_IRQHandler                        0x0800025b   Thumb Code     0  startup_stm32f40xx.o(.text)
    USART6_IRQHandler                        0x0800025b   Thumb Code     0  startup_stm32f40xx.o(.text)
    WWDG_IRQHandler                          0x0800025b   Thumb Code     0  startup_stm32f40xx.o(.text)
    __user_initial_stackheap                 0x0800025d   Thumb Code     0  startup_stm32f40xx.o(.text)
    fputc                                    0x080002ab   Thumb Code    14  fputc_debug.o(.text)
    _ttywrch                                 0x080002b9   Thumb Code    12  fputc_debug.o(.text)
    _sys_exit                                0x080002c5   Thumb Code     4  fputc_debug.o(.text)
    Delay                                    0x080002cd   Thumb Code    28  main.o(.text)
    pwm                                      0x080002e9   Thumb Code   118  main.o(.text)
    accReader                                0x0800035f   Thumb Code  1818  main.o(.text)
    main                                     0x08000a79   Thumb Code    58  main.o(.text)
    EXTI0_IRQHandler                         0x08000ab3   Thumb Code    34  main.o(.text)
    TIM3_IRQHandler                          0x08000ad5   Thumb Code    28  main.o(.text)
    SystemInit                               0x08000c0f   Thumb Code    88  system_stm32f4xx.o(.text)
    SystemCoreClockUpdate                    0x08000c67   Thumb Code   174  system_stm32f4xx.o(.text)
    AccelInit                                0x08000d41   Thumb Code   256  accconfig.o(.text)
    movingFilter                             0x08000e49   Thumb Code   168  movingfilter.o(.text)
    INTTIM_Config                            0x08000ef9   Thumb Code    98  timconfig.o(.text)
    pwmInit                                  0x08000f5b   Thumb Code   206  timconfig.o(.text)
    configLED                                0x08001039   Thumb Code    48  gpioconfig.o(.text)
    configBUTTON                             0x08001069   Thumb Code    48  gpioconfig.o(.text)
    NVIC_PriorityGroupConfig                 0x080010a1   Thumb Code    10  misc.o(.text)
    NVIC_Init                                0x080010ab   Thumb Code   108  misc.o(.text)
    NVIC_SetVectorTable                      0x08001117   Thumb Code    14  misc.o(.text)
    NVIC_SystemLPConfig                      0x08001125   Thumb Code    34  misc.o(.text)
    SysTick_CLKSourceConfig                  0x08001147   Thumb Code    40  misc.o(.text)
    EXTI_DeInit                              0x08001185   Thumb Code    28  stm32f4xx_exti.o(.text)
    EXTI_Init                                0x080011a1   Thumb Code   142  stm32f4xx_exti.o(.text)
    EXTI_StructInit                          0x0800122f   Thumb Code    16  stm32f4xx_exti.o(.text)
    EXTI_GenerateSWInterrupt                 0x0800123f   Thumb Code    16  stm32f4xx_exti.o(.text)
    EXTI_GetFlagStatus                       0x0800124f   Thumb Code    22  stm32f4xx_exti.o(.text)
    EXTI_ClearFlag                           0x08001265   Thumb Code     8  stm32f4xx_exti.o(.text)
    EXTI_GetITStatus                         0x0800126d   Thumb Code    34  stm32f4xx_exti.o(.text)
    EXTI_ClearITPendingBit                   0x0800128f   Thumb Code     8  stm32f4xx_exti.o(.text)
    GPIO_DeInit                              0x080012a1   Thumb Code   220  stm32f4xx_gpio.o(.text)
    GPIO_Init                                0x0800137d   Thumb Code   144  stm32f4xx_gpio.o(.text)
    GPIO_StructInit                          0x0800140d   Thumb Code    18  stm32f4xx_gpio.o(.text)
    GPIO_PinLockConfig                       0x0800141f   Thumb Code    34  stm32f4xx_gpio.o(.text)
    GPIO_ReadInputDataBit                    0x08001441   Thumb Code    18  stm32f4xx_gpio.o(.text)
    GPIO_ReadInputData                       0x08001453   Thumb Code     8  stm32f4xx_gpio.o(.text)
    GPIO_ReadOutputDataBit                   0x0800145b   Thumb Code    18  stm32f4xx_gpio.o(.text)
    GPIO_ReadOutputData                      0x0800146d   Thumb Code     8  stm32f4xx_gpio.o(.text)
    GPIO_SetBits                             0x08001475   Thumb Code     4  stm32f4xx_gpio.o(.text)
    GPIO_ResetBits                           0x08001479   Thumb Code     4  stm32f4xx_gpio.o(.text)
    GPIO_WriteBit                            0x0800147d   Thumb Code    10  stm32f4xx_gpio.o(.text)
    GPIO_Write                               0x08001487   Thumb Code     4  stm32f4xx_gpio.o(.text)
    GPIO_ToggleBits                          0x0800148b   Thumb Code     8  stm32f4xx_gpio.o(.text)
    GPIO_PinAFConfig                         0x08001493   Thumb Code    70  stm32f4xx_gpio.o(.text)
    RCC_DeInit                               0x080014fd   Thumb Code    60  stm32f4xx_rcc.o(.text)
    RCC_HSEConfig                            0x08001539   Thumb Code    14  stm32f4xx_rcc.o(.text)
    RCC_GetFlagStatus                        0x08001547   Thumb Code    60  stm32f4xx_rcc.o(.text)
    RCC_WaitForHSEStartUp                    0x08001583   Thumb Code    56  stm32f4xx_rcc.o(.text)
    RCC_AdjustHSICalibrationValue            0x080015bb   Thumb Code    20  stm32f4xx_rcc.o(.text)
    RCC_HSICmd                               0x080015cf   Thumb Code     6  stm32f4xx_rcc.o(.text)
    RCC_LSEConfig                            0x080015d5   Thumb Code    46  stm32f4xx_rcc.o(.text)
    RCC_LSICmd                               0x08001603   Thumb Code     6  stm32f4xx_rcc.o(.text)
    RCC_PLLConfig                            0x08001609   Thumb Code    32  stm32f4xx_rcc.o(.text)
    RCC_PLLCmd                               0x08001629   Thumb Code     6  stm32f4xx_rcc.o(.text)
    RCC_PLLI2SConfig                         0x0800162f   Thumb Code    14  stm32f4xx_rcc.o(.text)
    RCC_PLLI2SCmd                            0x0800163d   Thumb Code     6  stm32f4xx_rcc.o(.text)
    RCC_ClockSecuritySystemCmd               0x08001643   Thumb Code     6  stm32f4xx_rcc.o(.text)
    RCC_MCO1Config                           0x08001649   Thumb Code    28  stm32f4xx_rcc.o(.text)
    RCC_MCO2Config                           0x08001665   Thumb Code    28  stm32f4xx_rcc.o(.text)
    RCC_SYSCLKConfig                         0x08001681   Thumb Code    20  stm32f4xx_rcc.o(.text)
    RCC_GetSYSCLKSource                      0x08001695   Thumb Code    12  stm32f4xx_rcc.o(.text)
    RCC_HCLKConfig                           0x080016a1   Thumb Code    20  stm32f4xx_rcc.o(.text)
    RCC_PCLK1Config                          0x080016b5   Thumb Code    20  stm32f4xx_rcc.o(.text)
    RCC_PCLK2Config                          0x080016c9   Thumb Code    22  stm32f4xx_rcc.o(.text)
    RCC_GetClocksFreq                        0x080016df   Thumb Code   222  stm32f4xx_rcc.o(.text)
    RCC_RTCCLKConfig                         0x080017bd   Thumb Code    54  stm32f4xx_rcc.o(.text)
    RCC_RTCCLKCmd                            0x080017f3   Thumb Code     8  stm32f4xx_rcc.o(.text)
    RCC_BackupResetCmd                       0x080017fb   Thumb Code     8  stm32f4xx_rcc.o(.text)
    RCC_I2SCLKConfig                         0x08001803   Thumb Code     6  stm32f4xx_rcc.o(.text)
    RCC_AHB1PeriphClockCmd                   0x08001809   Thumb Code    34  stm32f4xx_rcc.o(.text)
    RCC_AHB2PeriphClockCmd                   0x0800182b   Thumb Code    34  stm32f4xx_rcc.o(.text)
    RCC_AHB3PeriphClockCmd                   0x0800184d   Thumb Code    34  stm32f4xx_rcc.o(.text)
    RCC_APB1PeriphClockCmd                   0x0800186f   Thumb Code    34  stm32f4xx_rcc.o(.text)
    RCC_APB2PeriphClockCmd                   0x08001891   Thumb Code    34  stm32f4xx_rcc.o(.text)
    RCC_AHB1PeriphResetCmd                   0x080018b3   Thumb Code    34  stm32f4xx_rcc.o(.text)
    RCC_AHB2PeriphResetCmd                   0x080018d5   Thumb Code    72  stm32f4xx_rcc.o(.text)
    RCC_AHB3PeriphResetCmd                   0x0800191d   Thumb Code    34  stm32f4xx_rcc.o(.text)
    RCC_APB1PeriphResetCmd                   0x0800193f   Thumb Code    34  stm32f4xx_rcc.o(.text)
    RCC_APB2PeriphResetCmd                   0x08001961   Thumb Code    34  stm32f4xx_rcc.o(.text)
    RCC_AHB1PeriphClockLPModeCmd             0x08001983   Thumb Code    34  stm32f4xx_rcc.o(.text)
    RCC_AHB2PeriphClockLPModeCmd             0x080019a5   Thumb Code    34  stm32f4xx_rcc.o(.text)
    RCC_AHB3PeriphClockLPModeCmd             0x080019c7   Thumb Code    34  stm32f4xx_rcc.o(.text)
    RCC_APB1PeriphClockLPModeCmd             0x080019e9   Thumb Code    34  stm32f4xx_rcc.o(.text)
    RCC_APB2PeriphClockLPModeCmd             0x08001a0b   Thumb Code    34  stm32f4xx_rcc.o(.text)
    RCC_ITConfig                             0x08001a2d   Thumb Code    34  stm32f4xx_rcc.o(.text)
    RCC_ClearFlag                            0x08001a4f   Thumb Code    18  stm32f4xx_rcc.o(.text)
    RCC_GetITStatus                          0x08001a61   Thumb Code    22  stm32f4xx_rcc.o(.text)
    RCC_ClearITPendingBit                    0x08001a77   Thumb Code     8  stm32f4xx_rcc.o(.text)
    SPI_I2S_DeInit                           0x08001a85   Thumb Code    76  stm32f4xx_spi.o(.text)
    SPI_Init                                 0x08001ad1   Thumb Code    60  stm32f4xx_spi.o(.text)
    I2S_Init                                 0x08001b0d   Thumb Code   346  stm32f4xx_spi.o(.text)
    SPI_StructInit                           0x08001c67   Thumb Code    24  stm32f4xx_spi.o(.text)
    I2S_StructInit                           0x08001c7f   Thumb Code    20  stm32f4xx_spi.o(.text)
    SPI_Cmd                                  0x08001c93   Thumb Code    24  stm32f4xx_spi.o(.text)
    I2S_Cmd                                  0x08001cab   Thumb Code    24  stm32f4xx_spi.o(.text)
    SPI_DataSizeConfig                       0x08001cc3   Thumb Code    18  stm32f4xx_spi.o(.text)
    SPI_BiDirectionalLineConfig              0x08001cd5   Thumb Code    28  stm32f4xx_spi.o(.text)
    SPI_NSSInternalSoftwareConfig            0x08001cf1   Thumb Code    30  stm32f4xx_spi.o(.text)
    SPI_SSOutputCmd                          0x08001d0f   Thumb Code    24  stm32f4xx_spi.o(.text)
    SPI_TIModeCmd                            0x08001d27   Thumb Code    24  stm32f4xx_spi.o(.text)
    I2S_FullDuplexConfig                     0x08001d3f   Thumb Code    80  stm32f4xx_spi.o(.text)
    SPI_I2S_ReceiveData                      0x08001d8f   Thumb Code     6  stm32f4xx_spi.o(.text)
    SPI_I2S_SendData                         0x08001d95   Thumb Code     4  stm32f4xx_spi.o(.text)
    SPI_CalculateCRC                         0x08001d99   Thumb Code    24  stm32f4xx_spi.o(.text)
    SPI_TransmitCRC                          0x08001db1   Thumb Code    10  stm32f4xx_spi.o(.text)
    SPI_GetCRC                               0x08001dbb   Thumb Code    16  stm32f4xx_spi.o(.text)
    SPI_GetCRCPolynomial                     0x08001dcb   Thumb Code     6  stm32f4xx_spi.o(.text)
    SPI_I2S_DMACmd                           0x08001dd1   Thumb Code    18  stm32f4xx_spi.o(.text)
    SPI_I2S_ITConfig                         0x08001de3   Thumb Code    32  stm32f4xx_spi.o(.text)
    SPI_I2S_GetFlagStatus                    0x08001e03   Thumb Code    18  stm32f4xx_spi.o(.text)
    SPI_I2S_ClearFlag                        0x08001e15   Thumb Code     6  stm32f4xx_spi.o(.text)
    SPI_I2S_GetITStatus                      0x08001e1b   Thumb Code    52  stm32f4xx_spi.o(.text)
    SPI_I2S_ClearITPendingBit                0x08001e4f   Thumb Code    20  stm32f4xx_spi.o(.text)
    SYSCFG_DeInit                            0x08001e79   Thumb Code    22  stm32f4xx_syscfg.o(.text)
    SYSCFG_MemoryRemapConfig                 0x08001e8f   Thumb Code     6  stm32f4xx_syscfg.o(.text)
    SYSCFG_EXTILineConfig                    0x08001e95   Thumb Code    66  stm32f4xx_syscfg.o(.text)
    SYSCFG_ETH_MediaInterfaceConfig          0x08001ed7   Thumb Code     6  stm32f4xx_syscfg.o(.text)
    SYSCFG_CompensationCellCmd               0x08001edd   Thumb Code     6  stm32f4xx_syscfg.o(.text)
    SYSCFG_GetCompensationCellStatus         0x08001ee3   Thumb Code    22  stm32f4xx_syscfg.o(.text)
    TIM_DeInit                               0x08001f05   Thumb Code   346  stm32f4xx_tim.o(.text)
    TIM_TimeBaseInit                         0x0800205f   Thumb Code   104  stm32f4xx_tim.o(.text)
    TIM_TimeBaseStructInit                   0x080020c7   Thumb Code    18  stm32f4xx_tim.o(.text)
    TIM_PrescalerConfig                      0x080020d9   Thumb Code     6  stm32f4xx_tim.o(.text)
    TIM_CounterModeConfig                    0x080020df   Thumb Code    18  stm32f4xx_tim.o(.text)
    TIM_SetCounter                           0x080020f1   Thumb Code     4  stm32f4xx_tim.o(.text)
    TIM_SetAutoreload                        0x080020f5   Thumb Code     4  stm32f4xx_tim.o(.text)
    TIM_GetCounter                           0x080020f9   Thumb Code     6  stm32f4xx_tim.o(.text)
    TIM_GetPrescaler                         0x080020ff   Thumb Code     6  stm32f4xx_tim.o(.text)
    TIM_UpdateDisableConfig                  0x08002105   Thumb Code    24  stm32f4xx_tim.o(.text)
    TIM_UpdateRequestConfig                  0x0800211d   Thumb Code    24  stm32f4xx_tim.o(.text)
    TIM_ARRPreloadConfig                     0x08002135   Thumb Code    24  stm32f4xx_tim.o(.text)
    TIM_SelectOnePulseMode                   0x0800214d   Thumb Code    18  stm32f4xx_tim.o(.text)
    TIM_SetClockDivision                     0x0800215f   Thumb Code    18  stm32f4xx_tim.o(.text)
    TIM_Cmd                                  0x08002171   Thumb Code    24  stm32f4xx_tim.o(.text)
    TIM_OC1Init                              0x08002189   Thumb Code   114  stm32f4xx_tim.o(.text)
    TIM_OC2Init                              0x080021fb   Thumb Code   154  stm32f4xx_tim.o(.text)
    TIM_OC3Init                              0x08002295   Thumb Code   204  stm32f4xx_tim.o(.text)
    TIM_OC4Init                              0x08002361   Thumb Code   112  stm32f4xx_tim.o(.text)
    TIM_OCStructInit                         0x080023d1   Thumb Code    20  stm32f4xx_tim.o(.text)
    TIM_SelectOCxM                           0x080023e5   Thumb Code    86  stm32f4xx_tim.o(.text)
    TIM_SetCompare1                          0x0800243b   Thumb Code     4  stm32f4xx_tim.o(.text)
    TIM_SetCompare2                          0x0800243f   Thumb Code     4  stm32f4xx_tim.o(.text)
    TIM_SetCompare3                          0x08002443   Thumb Code     4  stm32f4xx_tim.o(.text)
    TIM_SetCompare4                          0x08002447   Thumb Code     4  stm32f4xx_tim.o(.text)
    TIM_ForcedOC1Config                      0x0800244b   Thumb Code    18  stm32f4xx_tim.o(.text)
    TIM_ForcedOC2Config                      0x0800245d   Thumb Code    26  stm32f4xx_tim.o(.text)
    TIM_ForcedOC3Config                      0x08002477   Thumb Code    18  stm32f4xx_tim.o(.text)
    TIM_ForcedOC4Config                      0x08002489   Thumb Code    26  stm32f4xx_tim.o(.text)
    TIM_OC1PreloadConfig                     0x080024a3   Thumb Code    18  stm32f4xx_tim.o(.text)
    TIM_OC2PreloadConfig                     0x080024b5   Thumb Code    26  stm32f4xx_tim.o(.text)
    TIM_OC3PreloadConfig                     0x080024cf   Thumb Code    18  stm32f4xx_tim.o(.text)
    TIM_OC4PreloadConfig                     0x080024e1   Thumb Code    26  stm32f4xx_tim.o(.text)
    TIM_OC1FastConfig                        0x080024fb   Thumb Code    18  stm32f4xx_tim.o(.text)
    TIM_OC2FastConfig                        0x0800250d   Thumb Code    26  stm32f4xx_tim.o(.text)
    TIM_OC3FastConfig                        0x08002527   Thumb Code    18  stm32f4xx_tim.o(.text)
    TIM_OC4FastConfig                        0x08002539   Thumb Code    26  stm32f4xx_tim.o(.text)
    TIM_ClearOC1Ref                          0x08002553   Thumb Code    18  stm32f4xx_tim.o(.text)
    TIM_ClearOC2Ref                          0x08002565   Thumb Code    24  stm32f4xx_tim.o(.text)
    TIM_ClearOC3Ref                          0x0800257d   Thumb Code    18  stm32f4xx_tim.o(.text)
    TIM_ClearOC4Ref                          0x0800258f   Thumb Code    24  stm32f4xx_tim.o(.text)
    TIM_OC1PolarityConfig                    0x080025a7   Thumb Code    18  stm32f4xx_tim.o(.text)
    TIM_OC1NPolarityConfig                   0x080025b9   Thumb Code    18  stm32f4xx_tim.o(.text)
    TIM_OC2PolarityConfig                    0x080025cb   Thumb Code    26  stm32f4xx_tim.o(.text)
    TIM_OC2NPolarityConfig                   0x080025e5   Thumb Code    26  stm32f4xx_tim.o(.text)
    TIM_OC3PolarityConfig                    0x080025ff   Thumb Code    26  stm32f4xx_tim.o(.text)
    TIM_OC3NPolarityConfig                   0x08002619   Thumb Code    26  stm32f4xx_tim.o(.text)
    TIM_OC4PolarityConfig                    0x08002633   Thumb Code    26  stm32f4xx_tim.o(.text)
    TIM_CCxCmd                               0x0800264d   Thumb Code    30  stm32f4xx_tim.o(.text)
    TIM_CCxNCmd                              0x0800266b   Thumb Code    30  stm32f4xx_tim.o(.text)
    TIM_SetIC4Prescaler                      0x08002689   Thumb Code    26  stm32f4xx_tim.o(.text)
    TIM_SetIC3Prescaler                      0x080026f3   Thumb Code    18  stm32f4xx_tim.o(.text)
    TIM_SetIC2Prescaler                      0x0800274d   Thumb Code    26  stm32f4xx_tim.o(.text)
    TIM_SetIC1Prescaler                      0x080027c1   Thumb Code    18  stm32f4xx_tim.o(.text)
    TIM_ICInit                               0x0800280d   Thumb Code   110  stm32f4xx_tim.o(.text)
    TIM_ICStructInit                         0x0800287b   Thumb Code    18  stm32f4xx_tim.o(.text)
    TIM_PWMIConfig                           0x0800288d   Thumb Code   124  stm32f4xx_tim.o(.text)
    TIM_GetCapture1                          0x08002909   Thumb Code     6  stm32f4xx_tim.o(.text)
    TIM_GetCapture2                          0x0800290f   Thumb Code     6  stm32f4xx_tim.o(.text)
    TIM_GetCapture3                          0x08002915   Thumb Code     6  stm32f4xx_tim.o(.text)
    TIM_GetCapture4                          0x0800291b   Thumb Code     6  stm32f4xx_tim.o(.text)
    TIM_BDTRConfig                           0x08002921   Thumb Code    32  stm32f4xx_tim.o(.text)
    TIM_BDTRStructInit                       0x08002941   Thumb Code    18  stm32f4xx_tim.o(.text)
    TIM_CtrlPWMOutputs                       0x08002953   Thumb Code    30  stm32f4xx_tim.o(.text)
    TIM_SelectCOM                            0x08002971   Thumb Code    24  stm32f4xx_tim.o(.text)
    TIM_CCPreloadControl                     0x08002989   Thumb Code    24  stm32f4xx_tim.o(.text)
    TIM_ITConfig                             0x080029a1   Thumb Code    18  stm32f4xx_tim.o(.text)
    TIM_GenerateEvent                        0x080029b3   Thumb Code     4  stm32f4xx_tim.o(.text)
    TIM_GetFlagStatus                        0x080029b7   Thumb Code    18  stm32f4xx_tim.o(.text)
    TIM_ClearFlag                            0x080029c9   Thumb Code     6  stm32f4xx_tim.o(.text)
    TIM_GetITStatus                          0x080029cf   Thumb Code    34  stm32f4xx_tim.o(.text)
    TIM_ClearITPendingBit                    0x080029f1   Thumb Code     6  stm32f4xx_tim.o(.text)
    TIM_DMAConfig                            0x080029f7   Thumb Code    10  stm32f4xx_tim.o(.text)
    TIM_DMACmd                               0x08002a01   Thumb Code    18  stm32f4xx_tim.o(.text)
    TIM_SelectCCDMA                          0x08002a13   Thumb Code    24  stm32f4xx_tim.o(.text)
    TIM_InternalClockConfig                  0x08002a2b   Thumb Code    12  stm32f4xx_tim.o(.text)
    TIM_SelectInputTrigger                   0x08002a37   Thumb Code    18  stm32f4xx_tim.o(.text)
    TIM_ITRxExternalClockConfig              0x08002a49   Thumb Code    24  stm32f4xx_tim.o(.text)
    TIM_TIxExternalClockConfig               0x08002a61   Thumb Code    62  stm32f4xx_tim.o(.text)
    TIM_ETRConfig                            0x08002a9f   Thumb Code    28  stm32f4xx_tim.o(.text)
    TIM_ETRClockMode1Config                  0x08002abb   Thumb Code    54  stm32f4xx_tim.o(.text)
    TIM_ETRClockMode2Config                  0x08002af1   Thumb Code    32  stm32f4xx_tim.o(.text)
    TIM_SelectOutputTrigger                  0x08002b11   Thumb Code    18  stm32f4xx_tim.o(.text)
    TIM_SelectSlaveMode                      0x08002b23   Thumb Code    18  stm32f4xx_tim.o(.text)
    TIM_SelectMasterSlaveMode                0x08002b35   Thumb Code    18  stm32f4xx_tim.o(.text)
    TIM_EncoderInterfaceConfig               0x08002b47   Thumb Code    66  stm32f4xx_tim.o(.text)
    TIM_SelectHallSensor                     0x08002b89   Thumb Code    24  stm32f4xx_tim.o(.text)
    TIM_RemapConfig                          0x08002ba1   Thumb Code     6  stm32f4xx_tim.o(.text)
    LIS302DL_TIMEOUT_UserCallback            0x08002ba9   Thumb Code     4  stm32f4_discovery_lis302dl.o(.text)
    LIS302DL_Write                           0x08002c0f   Thumb Code    58  stm32f4_discovery_lis302dl.o(.text)
    LIS302DL_Init                            0x08002d6f   Thumb Code    44  stm32f4_discovery_lis302dl.o(.text)
    LIS302DL_Read                            0x08002d9b   Thumb Code    66  stm32f4_discovery_lis302dl.o(.text)
    LIS302DL_FilterConfig                    0x08002ddd   Thumb Code    58  stm32f4_discovery_lis302dl.o(.text)
    LIS302DL_InterruptConfig                 0x08002e17   Thumb Code    42  stm32f4_discovery_lis302dl.o(.text)
    LIS302DL_LowpowerCmd                     0x08002e41   Thumb Code    44  stm32f4_discovery_lis302dl.o(.text)
    LIS302DL_DataRateCmd                     0x08002e6d   Thumb Code    44  stm32f4_discovery_lis302dl.o(.text)
    LIS302DL_FullScaleCmd                    0x08002e99   Thumb Code    44  stm32f4_discovery_lis302dl.o(.text)
    LIS302DL_RebootCmd                       0x08002ec5   Thumb Code    34  stm32f4_discovery_lis302dl.o(.text)
    LIS302DL_ReadACC                         0x08002ee7   Thumb Code   112  stm32f4_discovery_lis302dl.o(.text)
    __I$use$semihosting                      0x08002f69   Thumb Code     0  use_no_semi.o(.text)
    __use_no_semihosting_swi                 0x08002f69   Thumb Code     2  use_no_semi.o(.text)
    __2printf                                0x08002f6d   Thumb Code    20  noretval__2printf.o(.text)
    __printf                                 0x08002f85   Thumb Code   104  __printf.o(.text)
    __aeabi_memclr4                          0x08002fed   Thumb Code     0  rt_memclr_w.o(.text)
    __aeabi_memclr8                          0x08002fed   Thumb Code     0  rt_memclr_w.o(.text)
    __rt_memclr_w                            0x08002fed   Thumb Code    78  rt_memclr_w.o(.text)
    _memset_w                                0x08002ff1   Thumb Code     0  rt_memclr_w.o(.text)
    __use_two_region_memory                  0x0800303b   Thumb Code     2  heapauxi.o(.text)
    __rt_heap_escrow$2region                 0x0800303d   Thumb Code     2  heapauxi.o(.text)
    __rt_heap_expand$2region                 0x0800303f   Thumb Code     2  heapauxi.o(.text)
    __read_errno                             0x08003041   Thumb Code    10  _rserrno.o(.text)
    __set_errno                              0x0800304b   Thumb Code    12  _rserrno.o(.text)
    __lib_sel_fp_printf                      0x08003057   Thumb Code     2  _printf_fp_dec.o(.text)
    _printf_fp_dec_real                      0x08003203   Thumb Code   628  _printf_fp_dec.o(.text)
    _printf_char_file                        0x08003479   Thumb Code    32  _printf_char_file.o(.text)
    __rt_locale                              0x0800349d   Thumb Code     8  rt_locale_intlibspace.o(.text)
    __aeabi_errno_addr                       0x080034a5   Thumb Code     8  rt_errno_addr_intlibspace.o(.text)
    __errno$intlibspace                      0x080034a5   Thumb Code     0  rt_errno_addr_intlibspace.o(.text)
    __rt_errno_addr$intlibspace              0x080034a5   Thumb Code     0  rt_errno_addr_intlibspace.o(.text)
    _ll_udiv10                               0x080034ad   Thumb Code   138  lludiv10.o(.text)
    _printf_char_common                      0x08003543   Thumb Code    32  _printf_char_common.o(.text)
    _printf_fp_infnan                        0x08003569   Thumb Code   112  _printf_fp_infnan.o(.text)
    _btod_etento                             0x080035e9   Thumb Code   222  bigflt0.o(.text)
    ferror                                   0x080036cd   Thumb Code     8  ferror.o(.text)
    __user_libspace                          0x080036d5   Thumb Code     8  libspace.o(.text)
    __user_perproc_libspace                  0x080036d5   Thumb Code     0  libspace.o(.text)
    __user_perthread_libspace                0x080036d5   Thumb Code     0  libspace.o(.text)
    __user_setup_stackheap                   0x080036dd   Thumb Code    74  sys_stackheap_outer.o(.text)
    exit                                     0x08003727   Thumb Code    12  exit.o(.text)
    strcmp                                   0x08003735   Thumb Code   128  strcmpv7m.o(.text)
    _btod_d2e                                0x080037b5   Thumb Code    62  btod.o(CL$$btod_d2e)
    _d2e_denorm_low                          0x080037f3   Thumb Code    70  btod.o(CL$$btod_d2e_denorm_low)
    _d2e_norm_op1                            0x08003839   Thumb Code    96  btod.o(CL$$btod_d2e_norm_op1)
    __btod_div_common                        0x08003899   Thumb Code   696  btod.o(CL$$btod_div_common)
    _e2e                                     0x08003bd1   Thumb Code   198  btod.o(CL$$btod_e2e)
    _btod_ediv                               0x08003c97   Thumb Code    40  btod.o(CL$$btod_ediv)
    _btod_emul                               0x08003cbf   Thumb Code    40  btod.o(CL$$btod_emul)
    __btod_mult_common                       0x08003ce7   Thumb Code   580  btod.o(CL$$btod_mult_common)
    __ARM_fpclassify                         0x08003f2b   Thumb Code    48  fpclassify.o(i.__ARM_fpclassify)
    __hardfp_atan                            0x08003f61   Thumb Code   636  atan.o(i.__hardfp_atan)
    __hardfp_sqrt                            0x08004249   Thumb Code   122  sqrt.o(i.__hardfp_sqrt)
    __kernel_poly                            0x080042c3   Thumb Code   248  poly.o(i.__kernel_poly)
    __mathlib_dbl_underflow                  0x080043c1   Thumb Code    24  dunder.o(i.__mathlib_dbl_underflow)
    fabs                                     0x080043e1   Thumb Code    32  fabs.o(i.fabs)
    _get_lc_numeric                          0x08004401   Thumb Code    44  lc_numeric_c.o(locale$$code)
    __aeabi_dneg                             0x0800442d   Thumb Code     0  basic.o(x$fpl$basic)
    _dneg                                    0x0800442d   Thumb Code     6  basic.o(x$fpl$basic)
    __aeabi_fneg                             0x08004433   Thumb Code     0  basic.o(x$fpl$basic)
    _fneg                                    0x08004433   Thumb Code     6  basic.o(x$fpl$basic)
    _dabs                                    0x08004439   Thumb Code     6  basic.o(x$fpl$basic)
    _fabs                                    0x0800443f   Thumb Code     6  basic.o(x$fpl$basic)
    __aeabi_dadd                             0x08004445   Thumb Code     0  daddsub_clz.o(x$fpl$dadd)
    _dadd                                    0x08004445   Thumb Code   332  daddsub_clz.o(x$fpl$dadd)
    __fpl_dcmp_Inf                           0x08004595   Thumb Code    24  dcmpi.o(x$fpl$dcmpinf)
    __aeabi_ddiv                             0x080045ad   Thumb Code     0  ddiv.o(x$fpl$ddiv)
    _ddiv                                    0x080045ad   Thumb Code   552  ddiv.o(x$fpl$ddiv)
    __aeabi_i2d                              0x0800485d   Thumb Code     0  dflt_clz.o(x$fpl$dflt)
    _dflt                                    0x0800485d   Thumb Code    46  dflt_clz.o(x$fpl$dflt)
    __aeabi_cdcmple                          0x0800488d   Thumb Code     0  dleqf.o(x$fpl$dleqf)
    _dcmple                                  0x0800488d   Thumb Code   120  dleqf.o(x$fpl$dleqf)
    __fpl_dcmple_InfNaN                      0x080048ef   Thumb Code     0  dleqf.o(x$fpl$dleqf)
    __aeabi_dmul                             0x08004905   Thumb Code     0  dmul.o(x$fpl$dmul)
    _dmul                                    0x08004905   Thumb Code   332  dmul.o(x$fpl$dmul)
    __fpl_dnaninf                            0x08004a59   Thumb Code   156  dnaninf.o(x$fpl$dnaninf)
    __fpl_dretinf                            0x08004af5   Thumb Code    12  dretinf.o(x$fpl$dretinf)
    __aeabi_cdrcmple                         0x08004b01   Thumb Code     0  drleqf.o(x$fpl$drleqf)
    _drcmple                                 0x08004b01   Thumb Code   108  drleqf.o(x$fpl$drleqf)
    __aeabi_drsub                            0x08004b6d   Thumb Code     0  daddsub_clz.o(x$fpl$drsb)
    _drsb                                    0x08004b6d   Thumb Code    22  daddsub_clz.o(x$fpl$drsb)
    _dsqrt                                   0x08004b85   Thumb Code   404  dsqrt_umaal.o(x$fpl$dsqrt)
    __aeabi_dsub                             0x08004d1d   Thumb Code     0  daddsub_clz.o(x$fpl$dsub)
    _dsub                                    0x08004d1d   Thumb Code   464  daddsub_clz.o(x$fpl$dsub)
    _fp_init                                 0x08004ef1   Thumb Code    10  fpinit.o(x$fpl$fpinit)
    __fplib_config_fpu_vfp                   0x08004ef9   Thumb Code     0  fpinit.o(x$fpl$fpinit)
    __fplib_config_pureend_doubles           0x08004ef9   Thumb Code     0  fpinit.o(x$fpl$fpinit)
    _printf_fp_dec                           0x08004efb   Thumb Code     4  printf1.o(x$fpl$printf1)
    __I$use$fp                               0x08004efe   Number         0  usenofp.o(x$fpl$usenofp)
    Region$$Table$$Base                      0x0800505c   Number         0  anon$$obj.o(Region$$Table)
    Region$$Table$$Limit                     0x0800507c   Number         0  anon$$obj.o(Region$$Table)
    __stdout                                 0x20000000   Data           4  fputc_debug.o(.data)
    __stdin                                  0x20000004   Data           4  fputc_debug.o(.data)
    ticks                                    0x20000008   Data           4  main.o(.data)
    tapFlag                                  0x2000000c   Data           4  main.o(.data)
    OffX                                     0x20000010   Data           8  main.o(.data)
    OffY                                     0x20000018   Data           8  main.o(.data)
    OffZ                                     0x20000020   Data           8  main.o(.data)
    n                                        0x20000028   Data           4  main.o(.data)
    brightness                               0x2000002c   Data           4  main.o(.data)
    i                                        0x20000030   Data           4  main.o(.data)
    SystemCoreClock                          0x20000034   Data           4  system_stm32f4xx.o(.data)
    AHBPrescTable                            0x20000038   Data          16  system_stm32f4xx.o(.data)
    crtl                                     0x20000048   Data           1  accconfig.o(.data)
    LIS302DLTimeout                          0x2000005c   Data           4  stm32f4_discovery_lis302dl.o(.data)
    __libspace_start                         0x20000060   Data          96  libspace.o(.bss)
    __temporary_stack_top$libspace           0x200000c0   Data           0  libspace.o(.bss)



==============================================================================

Memory Map of the image

  Image Entry point : 0x08000241

  Load Region LR_1 (Base: 0x08000000, Size: 0x000050f8, Max: 0xffffffff, ABSOLUTE)

    Execution Region ER_RO (Base: 0x08000000, Size: 0x00005098, Max: 0xffffffff, ABSOLUTE)

    Base Addr    Size         Type   Attr      Idx    E Section Name        Object

    0x08000000   0x00000188   Data   RO            3    RESET               startup_stm32f40xx.o
    0x08000188   0x00000008   Code   RO         1008  * !!!main             c_w.l(__main.o)
    0x08000190   0x00000034   Code   RO         1290    !!!scatter          c_w.l(__scatter.o)
    0x080001c4   0x0000001a   Code   RO         1292    !!handler_copy      c_w.l(__scatter_copy.o)
    0x080001de   0x00000002   PAD
    0x080001e0   0x0000001c   Code   RO         1294    !!handler_zi        c_w.l(__scatter_zi.o)
    0x080001fc   0x00000000   Code   RO         1003    .ARM.Collect$$_printf_percent$$00000000  c_w.l(_printf_percent.o)
    0x080001fc   0x00000006   Code   RO         1002    .ARM.Collect$$_printf_percent$$00000003  c_w.l(_printf_f.o)
    0x08000202   0x00000004   Code   RO         1067    .ARM.Collect$$_printf_percent$$00000017  c_w.l(_printf_percent_end.o)
    0x08000206   0x00000002   Code   RO         1172    .ARM.Collect$$libinit$$00000000  c_w.l(libinit.o)
    0x08000208   0x00000004   Code   RO         1173    .ARM.Collect$$libinit$$00000001  c_w.l(libinit2.o)
    0x0800020c   0x00000000   Code   RO         1177    .ARM.Collect$$libinit$$00000008  c_w.l(libinit2.o)
    0x0800020c   0x00000000   Code   RO         1179    .ARM.Collect$$libinit$$0000000A  c_w.l(libinit2.o)
    0x0800020c   0x00000000   Code   RO         1181    .ARM.Collect$$libinit$$0000000C  c_w.l(libinit2.o)
    0x0800020c   0x00000006   Code   RO         1182    .ARM.Collect$$libinit$$0000000D  c_w.l(libinit2.o)
    0x08000212   0x00000000   Code   RO         1184    .ARM.Collect$$libinit$$0000000F  c_w.l(libinit2.o)
    0x08000212   0x00000000   Code   RO         1186    .ARM.Collect$$libinit$$00000011  c_w.l(libinit2.o)
    0x08000212   0x00000000   Code   RO         1188    .ARM.Collect$$libinit$$00000013  c_w.l(libinit2.o)
    0x08000212   0x0000000a   Code   RO         1189    .ARM.Collect$$libinit$$00000014  c_w.l(libinit2.o)
    0x0800021c   0x00000000   Code   RO         1190    .ARM.Collect$$libinit$$00000015  c_w.l(libinit2.o)
    0x0800021c   0x00000000   Code   RO         1192    .ARM.Collect$$libinit$$00000017  c_w.l(libinit2.o)
    0x0800021c   0x00000000   Code   RO         1194    .ARM.Collect$$libinit$$00000019  c_w.l(libinit2.o)
    0x0800021c   0x00000000   Code   RO         1196    .ARM.Collect$$libinit$$0000001B  c_w.l(libinit2.o)
    0x0800021c   0x00000000   Code   RO         1198    .ARM.Collect$$libinit$$0000001D  c_w.l(libinit2.o)
    0x0800021c   0x00000000   Code   RO         1200    .ARM.Collect$$libinit$$0000001F  c_w.l(libinit2.o)
    0x0800021c   0x00000000   Code   RO         1202    .ARM.Collect$$libinit$$00000021  c_w.l(libinit2.o)
    0x0800021c   0x00000000   Code   RO         1204    .ARM.Collect$$libinit$$00000023  c_w.l(libinit2.o)
    0x0800021c   0x00000000   Code   RO         1208    .ARM.Collect$$libinit$$0000002A  c_w.l(libinit2.o)
    0x0800021c   0x00000000   Code   RO         1210    .ARM.Collect$$libinit$$0000002C  c_w.l(libinit2.o)
    0x0800021c   0x00000000   Code   RO         1212    .ARM.Collect$$libinit$$0000002E  c_w.l(libinit2.o)
    0x0800021c   0x00000000   Code   RO         1214    .ARM.Collect$$libinit$$00000030  c_w.l(libinit2.o)
    0x0800021c   0x00000002   Code   RO         1215    .ARM.Collect$$libinit$$00000031  c_w.l(libinit2.o)
    0x0800021e   0x00000002   Code   RO         1243    .ARM.Collect$$libshutdown$$00000000  c_w.l(libshutdown.o)
    0x08000220   0x00000000   Code   RO         1253    .ARM.Collect$$libshutdown$$00000003  c_w.l(libshutdown2.o)
    0x08000220   0x00000000   Code   RO         1256    .ARM.Collect$$libshutdown$$00000006  c_w.l(libshutdown2.o)
    0x08000220   0x00000000   Code   RO         1259    .ARM.Collect$$libshutdown$$00000009  c_w.l(libshutdown2.o)
    0x08000220   0x00000000   Code   RO         1261    .ARM.Collect$$libshutdown$$0000000B  c_w.l(libshutdown2.o)
    0x08000220   0x00000000   Code   RO         1264    .ARM.Collect$$libshutdown$$0000000E  c_w.l(libshutdown2.o)
    0x08000220   0x00000002   Code   RO         1265    .ARM.Collect$$libshutdown$$0000000F  c_w.l(libshutdown2.o)
    0x08000222   0x00000000   Code   RO         1060    .ARM.Collect$$rtentry$$00000000  c_w.l(rtentry.o)
    0x08000222   0x00000000   Code   RO         1092    .ARM.Collect$$rtentry$$00000002  c_w.l(rtentry2.o)
    0x08000222   0x00000006   Code   RO         1104    .ARM.Collect$$rtentry$$00000004  c_w.l(rtentry4.o)
    0x08000228   0x00000000   Code   RO         1094    .ARM.Collect$$rtentry$$00000009  c_w.l(rtentry2.o)
    0x08000228   0x00000004   Code   RO         1095    .ARM.Collect$$rtentry$$0000000A  c_w.l(rtentry2.o)
    0x0800022c   0x00000000   Code   RO         1097    .ARM.Collect$$rtentry$$0000000C  c_w.l(rtentry2.o)
    0x0800022c   0x00000008   Code   RO         1098    .ARM.Collect$$rtentry$$0000000D  c_w.l(rtentry2.o)
    0x08000234   0x00000002   Code   RO         1216    .ARM.Collect$$rtexit$$00000000  c_w.l(rtexit.o)
    0x08000236   0x00000000   Code   RO         1223    .ARM.Collect$$rtexit$$00000002  c_w.l(rtexit2.o)
    0x08000236   0x00000004   Code   RO         1224    .ARM.Collect$$rtexit$$00000003  c_w.l(rtexit2.o)
    0x0800023a   0x00000006   Code   RO         1225    .ARM.Collect$$rtexit$$00000004  c_w.l(rtexit2.o)
    0x08000240   0x00000040   Code   RO            4  * .text               startup_stm32f40xx.o
    0x08000280   0x0000004c   Code   RO           12    .text               fputc_debug.o
    0x080002cc   0x00000868   Code   RO          147    .text               main.o
    0x08000b34   0x0000020c   Code   RO          216    .text               system_stm32f4xx.o
    0x08000d40   0x00000108   Code   RO          242    .text               accconfig.o
    0x08000e48   0x000000b0   Code   RO          269    .text               movingfilter.o
    0x08000ef8   0x00000140   Code   RO          289    .text               timconfig.o
    0x08001038   0x00000068   Code   RO          309    .text               gpioconfig.o
    0x080010a0   0x000000e4   Code   RO          329    .text               misc.o
    0x08001184   0x0000011c   Code   RO          569    .text               stm32f4xx_exti.o
    0x080012a0   0x0000025c   Code   RO          629    .text               stm32f4xx_gpio.o
    0x080014fc   0x00000588   Code   RO          769    .text               stm32f4xx_rcc.o
    0x08001a84   0x000003f4   Code   RO          851    .text               stm32f4xx_spi.o
    0x08001e78   0x0000008c   Code   RO          871    .text               stm32f4xx_syscfg.o
    0x08001f04   0x00000ca2   Code   RO          891    .text               stm32f4xx_tim.o
    0x08002ba6   0x00000002   PAD
    0x08002ba8   0x000003c0   Code   RO          951    .text               stm32f4_discovery_lis302dl.o
    0x08002f68   0x00000002   Code   RO          974    .text               c_w.l(use_no_semi.o)
    0x08002f6a   0x00000002   PAD
    0x08002f6c   0x00000018   Code   RO          978    .text               c_w.l(noretval__2printf.o)
    0x08002f84   0x00000068   Code   RO          980    .text               c_w.l(__printf.o)
    0x08002fec   0x0000004e   Code   RO         1004    .text               c_w.l(rt_memclr_w.o)
    0x0800303a   0x00000006   Code   RO         1006    .text               c_w.l(heapauxi.o)
    0x08003040   0x00000016   Code   RO         1061    .text               c_w.l(_rserrno.o)
    0x08003056   0x00000420   Code   RO         1063    .text               c_w.l(_printf_fp_dec.o)
    0x08003476   0x00000002   PAD
    0x08003478   0x00000024   Code   RO         1065    .text               c_w.l(_printf_char_file.o)
    0x0800349c   0x00000008   Code   RO         1109    .text               c_w.l(rt_locale_intlibspace.o)
    0x080034a4   0x00000008   Code   RO         1114    .text               c_w.l(rt_errno_addr_intlibspace.o)
    0x080034ac   0x0000008a   Code   RO         1116    .text               c_w.l(lludiv10.o)
    0x08003536   0x00000002   PAD
    0x08003538   0x00000030   Code   RO         1118    .text               c_w.l(_printf_char_common.o)
    0x08003568   0x00000080   Code   RO         1120    .text               c_w.l(_printf_fp_infnan.o)
    0x080035e8   0x000000e4   Code   RO         1122    .text               c_w.l(bigflt0.o)
    0x080036cc   0x00000008   Code   RO         1147    .text               c_w.l(ferror.o)
    0x080036d4   0x00000008   Code   RO         1156    .text               c_w.l(libspace.o)
    0x080036dc   0x0000004a   Code   RO         1159    .text               c_w.l(sys_stackheap_outer.o)
    0x08003726   0x0000000c   Code   RO         1163    .text               c_w.l(exit.o)
    0x08003732   0x00000002   PAD
    0x08003734   0x00000080   Code   RO         1165    .text               c_w.l(strcmpv7m.o)
    0x080037b4   0x0000003e   Code   RO         1125    CL$$btod_d2e        c_w.l(btod.o)
    0x080037f2   0x00000046   Code   RO         1127    CL$$btod_d2e_denorm_low  c_w.l(btod.o)
    0x08003838   0x00000060   Code   RO         1126    CL$$btod_d2e_norm_op1  c_w.l(btod.o)
    0x08003898   0x00000338   Code   RO         1135    CL$$btod_div_common  c_w.l(btod.o)
    0x08003bd0   0x000000c6   Code   RO         1132    CL$$btod_e2e        c_w.l(btod.o)
    0x08003c96   0x00000028   Code   RO         1129    CL$$btod_ediv       c_w.l(btod.o)
    0x08003cbe   0x00000028   Code   RO         1128    CL$$btod_emul       c_w.l(btod.o)
    0x08003ce6   0x00000244   Code   RO         1134    CL$$btod_mult_common  c_w.l(btod.o)
    0x08003f2a   0x00000030   Code   RO         1087    i.__ARM_fpclassify  m_wm.l(fpclassify.o)
    0x08003f5a   0x00000006   PAD
    0x08003f60   0x000002e8   Code   RO         1034    i.__hardfp_atan     m_wm.l(atan.o)
    0x08004248   0x0000007a   Code   RO         1048    i.__hardfp_sqrt     m_wm.l(sqrt.o)
    0x080042c2   0x000000f8   Code   RO         1089    i.__kernel_poly     m_wm.l(poly.o)
    0x080043ba   0x00000006   PAD
    0x080043c0   0x00000020   Code   RO         1079    i.__mathlib_dbl_underflow  m_wm.l(dunder.o)
    0x080043e0   0x00000020   Code   RO         1083    i.fabs              m_wm.l(fabs.o)
    0x08004400   0x0000002c   Code   RO         1152    locale$$code        c_w.l(lc_numeric_c.o)
    0x0800442c   0x00000018   Code   RO         1068    x$fpl$basic         fz_wm.l(basic.o)
    0x08004444   0x00000150   Code   RO         1010    x$fpl$dadd          fz_wm.l(daddsub_clz.o)
    0x08004594   0x00000018   Code   RO         1070    x$fpl$dcmpinf       fz_wm.l(dcmpi.o)
    0x080045ac   0x000002b0   Code   RO         1017    x$fpl$ddiv          fz_wm.l(ddiv.o)
    0x0800485c   0x0000002e   Code   RO         1021    x$fpl$dflt          fz_wm.l(dflt_clz.o)
    0x0800488a   0x00000002   PAD
    0x0800488c   0x00000078   Code   RO         1026    x$fpl$dleqf         fz_wm.l(dleqf.o)
    0x08004904   0x00000154   Code   RO         1028    x$fpl$dmul          fz_wm.l(dmul.o)
    0x08004a58   0x0000009c   Code   RO         1072    x$fpl$dnaninf       fz_wm.l(dnaninf.o)
    0x08004af4   0x0000000c   Code   RO         1074    x$fpl$dretinf       fz_wm.l(dretinf.o)
    0x08004b00   0x0000006c   Code   RO         1030    x$fpl$drleqf        fz_wm.l(drleqf.o)
    0x08004b6c   0x00000016   Code   RO         1011    x$fpl$drsb          fz_wm.l(daddsub_clz.o)
    0x08004b82   0x00000002   PAD
    0x08004b84   0x00000198   Code   RO         1076    x$fpl$dsqrt         fz_wm.l(dsqrt_umaal.o)
    0x08004d1c   0x000001d4   Code   RO         1012    x$fpl$dsub          fz_wm.l(daddsub_clz.o)
    0x08004ef0   0x0000000a   Code   RO         1220    x$fpl$fpinit        fz_wm.l(fpinit.o)
    0x08004efa   0x00000004   Code   RO         1032    x$fpl$printf1       fz_wm.l(printf1.o)
    0x08004efe   0x00000000   Code   RO         1078    x$fpl$usenofp       fz_wm.l(usenofp.o)
    0x08004efe   0x00000002   PAD
    0x08004f00   0x00000030   Data   RO          148    .constdata          main.o
    0x08004f30   0x00000098   Data   RO         1037    .constdata          m_wm.l(atan.o)
    0x08004fc8   0x00000094   Data   RO         1123    .constdata          c_w.l(bigflt0.o)
    0x0800505c   0x00000020   Data   RO         1288    Region$$Table       anon$$obj.o
    0x0800507c   0x0000001c   Data   RO         1151    locale$$data        c_w.l(lc_numeric_c.o)


    Execution Region ER_RW (Base: 0x20000000, Size: 0x00000060, Max: 0xffffffff, ABSOLUTE)

    Base Addr    Size         Type   Attr      Idx    E Section Name        Object

    0x20000000   0x00000008   Data   RW           13    .data               fputc_debug.o
    0x20000008   0x0000002c   Data   RW          149    .data               main.o
    0x20000034   0x00000014   Data   RW          217    .data               system_stm32f4xx.o
    0x20000048   0x00000001   Data   RW          243    .data               accconfig.o
    0x20000049   0x00000010   Data   RW          770    .data               stm32f4xx_rcc.o
    0x20000059   0x00000003   PAD
    0x2000005c   0x00000004   Data   RW          952    .data               stm32f4_discovery_lis302dl.o


    Execution Region ER_ZI (Base: 0x20000060, Size: 0x00000660, Max: 0xffffffff, ABSOLUTE)

    Base Addr    Size         Type   Attr      Idx    E Section Name        Object

    0x20000060   0x00000060   Zero   RW         1157    .bss                c_w.l(libspace.o)
    0x200000c0   0x00000200   Zero   RW            2    HEAP                startup_stm32f40xx.o
    0x200002c0   0x00000400   Zero   RW            1    STACK               startup_stm32f40xx.o


==============================================================================

Image component sizes


      Code (inc. data)   RO Data    RW Data    ZI Data      Debug   Object Name

       264          8          0          1          0        975   accconfig.o
        76          4          0          8          0     265393   fputc_debug.o
       104          8          0          0          0        681   gpioconfig.o
      2152        212         48         44          0     217570   main.o
       228         22          0          0          0       1905   misc.o
       176          8          0          0          0       1043   movingfilter.o
        64         26        392          0       1536        844   startup_stm32f40xx.o
       960         18          0          4          0       4288   stm32f4_discovery_lis302dl.o
       284         10          0          0          0       2379   stm32f4xx_exti.o
       604         36          0          0          0       4145   stm32f4xx_gpio.o
      1416         48          0         16          0      11047   stm32f4xx_rcc.o
      1012         22          0          0          0       6849   stm32f4xx_spi.o
       140         12          0          0          0       1715   stm32f4xx_syscfg.o
      3234         60          0          0          0      22384   stm32f4xx_tim.o
       524         44          0         20          0       1783   system_stm32f4xx.o
       320         16          0          0          0        916   timconfig.o

    ----------------------------------------------------------------------
     11560        554        472         96       1536     543917   Object Totals
         0          0         32          0          0          0   (incl. Generated)
         2          0          0          3          0          0   (incl. Padding)

    ----------------------------------------------------------------------

      Code (inc. data)   RO Data    RW Data    ZI Data      Debug   Library Member Name

         8          0          0          0          0         68   __main.o
       104          0          0          0          0         84   __printf.o
        52          8          0          0          0          0   __scatter.o
        26          0          0          0          0          0   __scatter_copy.o
        28          0          0          0          0          0   __scatter_zi.o
        48          6          0          0          0         96   _printf_char_common.o
        36          4          0          0          0         80   _printf_char_file.o
         6          0          0          0          0          0   _printf_f.o
      1056          0          0          0          0        216   _printf_fp_dec.o
       128         16          0          0          0         84   _printf_fp_infnan.o
         0          0          0          0          0          0   _printf_percent.o
         4          0          0          0          0          0   _printf_percent_end.o
        22          0          0          0          0        100   _rserrno.o
       228          6        148          0          0         96   bigflt0.o
      1910        128          0          0          0        672   btod.o
        12          0          0          0          0         72   exit.o
         8          0          0          0          0         68   ferror.o
         6          0          0          0          0        152   heapauxi.o
        44         10         28          0          0         76   lc_numeric_c.o
         2          0          0          0          0          0   libinit.o
        22          0          0          0          0          0   libinit2.o
         2          0          0          0          0          0   libshutdown.o
         2          0          0          0          0          0   libshutdown2.o
         8          4          0          0         96         68   libspace.o
       138          0          0          0          0         80   lludiv10.o
        24          4          0          0          0         84   noretval__2printf.o
         8          4          0          0          0         68   rt_errno_addr_intlibspace.o
         8          4          0          0          0         68   rt_locale_intlibspace.o
        78          0          0          0          0         80   rt_memclr_w.o
         0          0          0          0          0          0   rtentry.o
        12          0          0          0          0          0   rtentry2.o
         6          0          0          0          0          0   rtentry4.o
         2          0          0          0          0          0   rtexit.o
        10          0          0          0          0          0   rtexit2.o
       128          0          0          0          0         68   strcmpv7m.o
        74          0          0          0          0         80   sys_stackheap_outer.o
         2          0          0          0          0         68   use_no_semi.o
        24          0          0          0          0        164   basic.o
       826         16          0          0          0        492   daddsub_clz.o
        24          0          0          0          0        116   dcmpi.o
       688        140          0          0          0        256   ddiv.o
        46          0          0          0          0        116   dflt_clz.o
       120          4          0          0          0        140   dleqf.o
       340         12          0          0          0        152   dmul.o
       156          4          0          0          0        140   dnaninf.o
        12          0          0          0          0        116   dretinf.o
       108          0          0          0          0        128   drleqf.o
       408         56          0          0          0        168   dsqrt_umaal.o
        10          0          0          0          0        116   fpinit.o
         4          0          0          0          0        116   printf1.o
         0          0          0          0          0          0   usenofp.o
       744        108        152          0          0        220   atan.o
        32          8          0          0          0        124   dunder.o
        32          0          0          0          0        124   fabs.o
        48          0          0          0          0        124   fpclassify.o
       248          0          0          0          0        152   poly.o
       122          0          0          0          0        148   sqrt.o

    ----------------------------------------------------------------------
      8272        542        328          0         96       5640   Library Totals
        28          0          0          0          0          0   (incl. Padding)

    ----------------------------------------------------------------------

      Code (inc. data)   RO Data    RW Data    ZI Data      Debug   Library Name

      4252        194        176          0         96       2528   c_w.l
      2766        232          0          0          0       2220   fz_wm.l
      1226        116        152          0          0        892   m_wm.l

    ----------------------------------------------------------------------
      8272        542        328          0         96       5640   Library Totals

    ----------------------------------------------------------------------

==============================================================================


      Code (inc. data)   RO Data    RW Data    ZI Data      Debug   

     19832       1096        800         96       1632     543001   Grand Totals
     19832       1096        800         96       1632     543001   ELF Image Totals
     19832       1096        800         96          0          0   ROM Totals

==============================================================================

    Total RO  Size (Code + RO Data)                20632 (  20.15kB)
    Total RW  Size (RW Data + ZI Data)              1728 (   1.69kB)
    Total ROM Size (Code + RO Data + RW Data)      20728 (  20.24kB)

==============================================================================

