<html>
<body>
<pre>
<h1>µVision Build Log</h1>
<h2>Project:</h2>
C:\Users\Aqsa Ahmed\Documents\GitHub\MicroP\servo\Lab 3 Base Project\Lab3_Project.uvproj
Project File Date:  11/06/2013

<h2>Output:</h2>
Build target 'Target 1'
compiling main.c...
src\accConfig.h(7): warning:  #1-D: last line of file ends without a newline
src\main.c(58): warning:  #177-D: variable "r" was declared but never referenced
src\main.c(58): warning:  #177-D: variable "p" was declared but never referenced
src\main.c(40): warning:  #177-D: variable "delayP" was declared but never referenced
src\main.c(40): warning:  #177-D: variable "delayR" was declared but never referenced
compiling timConfig.c...
src\timConfig.c(129): warning:  #1-D: last line of file ends without a newline
linking...
Program Size: Code=19176 RO-data=800 RW-data=100 ZI-data=1636  
".\obj\Lab3_Project.axf" - 0 Errors, 6 Warning(s).
Load "C:\\Users\\Aqsa Ahmed\\Documents\\GitHub\\MicroP\\servo\\Lab 3 Base Project\\obj\\Lab3_Project.axf" 
Erase Done.
Programming Done.
Verify OK.
Build target 'Target 1'
compiling main.c...
src\accConfig.h(7): warning:  #1-D: last line of file ends without a newline
src\main.c(58): warning:  #177-D: variable "r" was declared but never referenced
src\main.c(58): warning:  #177-D: variable "p" was declared but never referenced
src\main.c(40): warning:  #177-D: variable "delayP" was declared but never referenced
src\main.c(40): warning:  #177-D: variable "delayR" was declared but never referenced
linking...
Program Size: Code=19176 RO-data=800 RW-data=100 ZI-data=1636  
".\obj\Lab3_Project.axf" - 0 Errors, 5 Warning(s).
Load "C:\\Users\\Aqsa Ahmed\\Documents\\GitHub\\MicroP\\servo\\Lab 3 Base Project\\obj\\Lab3_Project.axf" 
Erase Done.
Programming Done.
Verify OK.
Build target 'Target 1'
compiling main.c...
src\accConfig.h(7): warning:  #1-D: last line of file ends without a newline
src\main.c(58): warning:  #177-D: variable "r" was declared but never referenced
src\main.c(58): warning:  #177-D: variable "p" was declared but never referenced
src\main.c(40): warning:  #177-D: variable "delayP" was declared but never referenced
src\main.c(40): warning:  #177-D: variable "delayR" was declared but never referenced
linking...
Program Size: Code=19176 RO-data=800 RW-data=100 ZI-data=1636  
".\obj\Lab3_Project.axf" - 0 Errors, 5 Warning(s).
Load "C:\\Users\\Aqsa Ahmed\\Documents\\GitHub\\MicroP\\servo\\Lab 3 Base Project\\obj\\Lab3_Project.axf" 
Erase Done.
Programming Done.
Verify OK.
Build target 'Target 1'
compiling main.c...
src\accConfig.h(7): warning:  #1-D: last line of file ends without a newline
src\main.c(58): warning:  #177-D: variable "r" was declared but never referenced
src\main.c(58): warning:  #177-D: variable "p" was declared but never referenced
src\main.c(40): warning:  #177-D: variable "delayP" was declared but never referenced
src\main.c(40): warning:  #177-D: variable "delayR" was declared but never referenced
linking...
Program Size: Code=19176 RO-data=800 RW-data=100 ZI-data=1636  
".\obj\Lab3_Project.axf" - 0 Errors, 5 Warning(s).
Load "C:\\Users\\Aqsa Ahmed\\Documents\\GitHub\\MicroP\\servo\\Lab 3 Base Project\\obj\\Lab3_Project.axf" 
Erase Done.
Programming Done.
Verify OK.
Build target 'Target 1'
compiling main.c...
src\accConfig.h(7): warning:  #1-D: last line of file ends without a newline
src\main.c(58): warning:  #177-D: variable "r" was declared but never referenced
src\main.c(58): warning:  #177-D: variable "p" was declared but never referenced
src\main.c(40): warning:  #177-D: variable "delayP" was declared but never referenced
src\main.c(40): warning:  #177-D: variable "delayR" was declared but never referenced
linking...
Program Size: Code=19184 RO-data=800 RW-data=100 ZI-data=1636  
".\obj\Lab3_Project.axf" - 0 Errors, 5 Warning(s).
Load "C:\\Users\\Aqsa Ahmed\\Documents\\GitHub\\MicroP\\servo\\Lab 3 Base Project\\obj\\Lab3_Project.axf" 
Erase Done.
Programming Done.
Verify OK.
Build target 'Target 1'
compiling main.c...
src\accConfig.h(7): warning:  #1-D: last line of file ends without a newline
src\main.c(58): warning:  #177-D: variable "r" was declared but never referenced
src\main.c(58): warning:  #177-D: variable "p" was declared but never referenced
src\main.c(40): warning:  #177-D: variable "delayP" was declared but never referenced
src\main.c(40): warning:  #177-D: variable "delayR" was declared but never referenced
linking...
Program Size: Code=19184 RO-data=800 RW-data=100 ZI-data=1636  
".\obj\Lab3_Project.axf" - 0 Errors, 5 Warning(s).
Load "C:\\Users\\Aqsa Ahmed\\Documents\\GitHub\\MicroP\\servo\\Lab 3 Base Project\\obj\\Lab3_Project.axf" 
Load "C:\\Users\\Aqsa Ahmed\\Documents\\GitHub\\MicroP\\servo\\Lab 3 Base Project\\obj\\Lab3_Project.axf" 
Erase Done.
Programming Done.
Verify OK.
Build target 'Target 1'
compiling main.c...
src\accConfig.h(7): warning:  #1-D: last line of file ends without a newline
src\main.c(58): warning:  #177-D: variable "r" was declared but never referenced
src\main.c(58): warning:  #177-D: variable "p" was declared but never referenced
src\main.c(40): warning:  #177-D: variable "delayP" was declared but never referenced
src\main.c(40): warning:  #177-D: variable "delayR" was declared but never referenced
linking...
Program Size: Code=19176 RO-data=800 RW-data=100 ZI-data=1636  
".\obj\Lab3_Project.axf" - 0 Errors, 5 Warning(s).
Load "C:\\Users\\Aqsa Ahmed\\Documents\\GitHub\\MicroP\\servo\\Lab 3 Base Project\\obj\\Lab3_Project.axf" 
Load "C:\\Users\\Aqsa Ahmed\\Documents\\GitHub\\MicroP\\servo\\Lab 3 Base Project\\obj\\Lab3_Project.axf" 
Erase Done.
Programming Done.
Verify OK.
Build target 'Target 1'
compiling main.c...
src\accConfig.h(7): warning:  #1-D: last line of file ends without a newline
src\main.c(58): warning:  #177-D: variable "r" was declared but never referenced
src\main.c(58): warning:  #177-D: variable "p" was declared but never referenced
src\main.c(40): warning:  #177-D: variable "delayP" was declared but never referenced
src\main.c(40): warning:  #177-D: variable "delayR" was declared but never referenced
linking...
Program Size: Code=19176 RO-data=800 RW-data=100 ZI-data=1636  
".\obj\Lab3_Project.axf" - 0 Errors, 5 Warning(s).
Load "C:\\Users\\Aqsa Ahmed\\Documents\\GitHub\\MicroP\\servo\\Lab 3 Base Project\\obj\\Lab3_Project.axf" 
Build target 'Target 1'
linking...
Program Size: Code=19176 RO-data=800 RW-data=100 ZI-data=1636  
".\obj\Lab3_Project.axf" - 0 Errors, 0 Warning(s).
Load "C:\\Users\\Aqsa Ahmed\\Documents\\GitHub\\MicroP\\servo\\Lab 3 Base Project\\obj\\Lab3_Project.axf" 
Erase Done.
Programming Done.
Verify OK.
Build target 'Target 1'
compiling main.c...
src\accConfig.h(7): warning:  #1-D: last line of file ends without a newline
src\main.c(58): warning:  #177-D: variable "r" was declared but never referenced
src\main.c(58): warning:  #177-D: variable "p" was declared but never referenced
src\main.c(40): warning:  #177-D: variable "delayP" was declared but never referenced
src\main.c(40): warning:  #177-D: variable "delayR" was declared but never referenced
linking...
Program Size: Code=19184 RO-data=800 RW-data=100 ZI-data=1636  
".\obj\Lab3_Project.axf" - 0 Errors, 5 Warning(s).
Load "C:\\Users\\Aqsa Ahmed\\Documents\\GitHub\\MicroP\\servo\\Lab 3 Base Project\\obj\\Lab3_Project.axf" 
Erase Done.
Programming Done.
Verify OK.
Build target 'Target 1'
compiling main.c...
src\accConfig.h(7): warning:  #1-D: last line of file ends without a newline
src\main.c(58): warning:  #177-D: variable "r" was declared but never referenced
src\main.c(58): warning:  #177-D: variable "p" was declared but never referenced
src\main.c(40): warning:  #177-D: variable "delayP" was declared but never referenced
src\main.c(40): warning:  #177-D: variable "delayR" was declared but never referenced
linking...
Program Size: Code=19176 RO-data=800 RW-data=100 ZI-data=1636  
".\obj\Lab3_Project.axf" - 0 Errors, 5 Warning(s).
Load "C:\\Users\\Aqsa Ahmed\\Documents\\GitHub\\MicroP\\servo\\Lab 3 Base Project\\obj\\Lab3_Project.axf" 
Erase Done.
Programming Done.
Verify OK.
Build target 'Target 1'
compiling main.c...
src\accConfig.h(7): warning:  #1-D: last line of file ends without a newline
src\main.c(58): warning:  #177-D: variable "r" was declared but never referenced
src\main.c(58): warning:  #177-D: variable "p" was declared but never referenced
src\main.c(40): warning:  #177-D: variable "delayP" was declared but never referenced
src\main.c(40): warning:  #177-D: variable "delayR" was declared but never referenced
linking...
Program Size: Code=19216 RO-data=800 RW-data=100 ZI-data=1636  
".\obj\Lab3_Project.axf" - 0 Errors, 5 Warning(s).
Load "C:\\Users\\Aqsa Ahmed\\Documents\\GitHub\\MicroP\\servo\\Lab 3 Base Project\\obj\\Lab3_Project.axf" 
Erase Done.
Programming Done.
Verify OK.
